Component: ARM Compiler 6.16 Tool: armlink [5dfeaa00]

==============================================================================

Section Cross References

    main.o(.text) refers (Special) to _printf_d.o(.ARM.Collect$$_printf_percent$$00000009) for _printf_d
    main.o(.text) refers (Special) to _printf_dec.o(.text) for _printf_int_dec
    main.o(.text) refers (Special) to _printf_percent.o(.ARM.Collect$$_printf_percent$$00000000) for _printf_percent
    main.o(.text) refers (Special) to _printf_s.o(.ARM.Collect$$_printf_percent$$00000014) for _printf_s
    main.o(.text) refers (Special) to _printf_str.o(.text) for _printf_str
    main.o(.text.main) refers (Special) to _printf_d.o(.ARM.Collect$$_printf_percent$$00000009) for _printf_d
    main.o(.text.main) refers (Special) to _printf_dec.o(.text) for _printf_int_dec
    main.o(.text.main) refers (Special) to _printf_percent.o(.ARM.Collect$$_printf_percent$$00000000) for _printf_percent
    main.o(.text.main) refers (Special) to _printf_s.o(.ARM.Collect$$_printf_percent$$00000014) for _printf_s
    main.o(.text.main) refers (Special) to _printf_str.o(.text) for _printf_str
    main.o(.text.main) refers to main.o(.text.mainBitTest) for mainBitTest
    main.o(.text.main) refers to main.o(.text.mainBitClear) for mainBitClear
    main.o(.text.main) refers to main.o(.text.mainBitToggle) for mainBitToggle
    main.o(.text.main) refers to main.o(.text.mainStringLength) for mainStringLength
    main.o(.text.main) refers to main.o(.rodata.str1.1) for .L.str.3
    main.o(.ARM.exidx.text.main) refers (Special) to _printf_d.o(.ARM.Collect$$_printf_percent$$00000009) for _printf_d
    main.o(.ARM.exidx.text.main) refers (Special) to _printf_dec.o(.text) for _printf_int_dec
    main.o(.ARM.exidx.text.main) refers (Special) to _printf_percent.o(.ARM.Collect$$_printf_percent$$00000000) for _printf_percent
    main.o(.ARM.exidx.text.main) refers (Special) to _printf_s.o(.ARM.Collect$$_printf_percent$$00000014) for _printf_s
    main.o(.ARM.exidx.text.main) refers (Special) to _printf_str.o(.text) for _printf_str
    main.o(.ARM.exidx.text.main) refers to main.o(.text.main) for [Anonymous Symbol]
    main.o(.text.mainBitTest) refers (Special) to _printf_d.o(.ARM.Collect$$_printf_percent$$00000009) for _printf_d
    main.o(.text.mainBitTest) refers (Special) to _printf_dec.o(.text) for _printf_int_dec
    main.o(.text.mainBitTest) refers (Special) to _printf_percent.o(.ARM.Collect$$_printf_percent$$00000000) for _printf_percent
    main.o(.text.mainBitTest) refers (Special) to _printf_s.o(.ARM.Collect$$_printf_percent$$00000014) for _printf_s
    main.o(.text.mainBitTest) refers (Special) to _printf_str.o(.text) for _printf_str
    main.o(.text.mainBitTest) refers to main.o(.rodata.str1.1) for .Lstr
    main.o(.text.mainBitTest) refers to puts.o(.text) for puts
    main.o(.text.mainBitTest) refers to noretval__2printf.o(.text) for __2printf
    main.o(.text.mainBitTest) refers to main.o(.text.printBits) for printBits
    main.o(.text.mainBitTest) refers to putchar.o(.text) for putchar
    main.o(.text.mainBitTest) refers to utilities.o(.text.bitSet) for bitSet
    main.o(.ARM.exidx.text.mainBitTest) refers (Special) to _printf_d.o(.ARM.Collect$$_printf_percent$$00000009) for _printf_d
    main.o(.ARM.exidx.text.mainBitTest) refers (Special) to _printf_dec.o(.text) for _printf_int_dec
    main.o(.ARM.exidx.text.mainBitTest) refers (Special) to _printf_percent.o(.ARM.Collect$$_printf_percent$$00000000) for _printf_percent
    main.o(.ARM.exidx.text.mainBitTest) refers (Special) to _printf_s.o(.ARM.Collect$$_printf_percent$$00000014) for _printf_s
    main.o(.ARM.exidx.text.mainBitTest) refers (Special) to _printf_str.o(.text) for _printf_str
    main.o(.ARM.exidx.text.mainBitTest) refers to main.o(.text.mainBitTest) for [Anonymous Symbol]
    main.o(.text.mainBitClear) refers (Special) to _printf_d.o(.ARM.Collect$$_printf_percent$$00000009) for _printf_d
    main.o(.text.mainBitClear) refers (Special) to _printf_dec.o(.text) for _printf_int_dec
    main.o(.text.mainBitClear) refers (Special) to _printf_percent.o(.ARM.Collect$$_printf_percent$$00000000) for _printf_percent
    main.o(.text.mainBitClear) refers (Special) to _printf_s.o(.ARM.Collect$$_printf_percent$$00000014) for _printf_s
    main.o(.text.mainBitClear) refers (Special) to _printf_str.o(.text) for _printf_str
    main.o(.text.mainBitClear) refers to main.o(.rodata.str1.1) for .Lstr.26
    main.o(.text.mainBitClear) refers to puts.o(.text) for puts
    main.o(.text.mainBitClear) refers to noretval__2printf.o(.text) for __2printf
    main.o(.text.mainBitClear) refers to main.o(.text.printBits) for printBits
    main.o(.text.mainBitClear) refers to putchar.o(.text) for putchar
    main.o(.text.mainBitClear) refers to utilities.o(.text.bitClear) for bitClear
    main.o(.ARM.exidx.text.mainBitClear) refers (Special) to _printf_d.o(.ARM.Collect$$_printf_percent$$00000009) for _printf_d
[...]
    fclose.o(.text) refers to retarget_io.o(.text._sys_close) for _sys_close
    fclose.o(.text) refers to h1_free.o(.text) for free
    fclose.o(.text) refers to rt_memclr_w.o(.text) for __aeabi_memclr4
    puts_locked.o(.text) refers to stdio_streams.o(.bss) for __stdout
    fopen_locked.o(.text) refers to fclose.o(.text) for _fclose_internal
    fopen_locked.o(.text) refers to retarget_io.o(.text._sys_open) for _sys_open
    fopen_locked.o(.text) refers to fseek.o(.text) for _fseek
    fopen_locked.o(.text) refers to h1_alloc.o(.text) for malloc
    fopen_locked.o(.text) refers to rt_memclr_w.o(.text) for __aeabi_memclr4
    fopen_locked.o(.text) refers to streamlock.o(.data) for _stream_list_lock
    fopen_locked.o(.text) refers to stdio_streams.o(.bss) for __stdin
    fwritefast_locked.o(.text) refers to stdio.o(.text) for _writebuf
    fwritefast_locked.o(.text) refers to flsbuf.o(.text) for __flsbuf_byte
    fwritefast_locked.o(.text) refers to rt_memcpy_v6.o(.text) for __aeabi_memcpy
    exit.o(.text) refers to rtexit.o(.ARM.Collect$$rtexit$$00000000) for __rt_exit
    defsig_rtred_outer.o(.text) refers to defsig_rtred_inner.o(.text) for __rt_SIGRTRED_inner
    defsig_rtred_outer.o(.text) refers to defsig_exit.o(.text) for __sig_exit
    defsig_rtred_formal.o(.text) refers to rt_raise.o(.text) for __rt_raise
    assert_stdio.o(.text) refers to fputs.o(.text) for fputs
    assert_stdio.o(.text) refers to fflush.o(.text) for fflush
    assert_stdio.o(.text) refers to stdio_streams.o(.bss) for __stderr
    libinit.o(.ARM.Collect$$libinit$$00000000) refers (Special) to libinit2.o(.ARM.Collect$$libinit$$0000002E) for __rt_lib_init_alloca_1
    libinit.o(.ARM.Collect$$libinit$$00000000) refers (Special) to libinit2.o(.ARM.Collect$$libinit$$0000002C) for __rt_lib_init_argv_1
    libinit.o(.ARM.Collect$$libinit$$00000000) refers (Special) to libinit2.o(.ARM.Collect$$libinit$$0000001B) for __rt_lib_init_atexit_1
    libinit.o(.ARM.Collect$$libinit$$00000000) refers (Special) to libinit2.o(.ARM.Collect$$libinit$$00000021) for __rt_lib_init_clock_1
    libinit.o(.ARM.Collect$$libinit$$00000000) refers (Special) to libinit2.o(.ARM.Collect$$libinit$$00000032) for __rt_lib_init_cpp_1
    libinit.o(.ARM.Collect$$libinit$$00000000) refers (Special) to libinit2.o(.ARM.Collect$$libinit$$00000030) for __rt_lib_init_exceptions_1
    libinit.o(.ARM.Collect$$libinit$$00000000) refers (Special) to libinit2.o(.ARM.Collect$$libinit$$00000001) for __rt_lib_init_fp_1
    libinit.o(.ARM.Collect$$libinit$$00000000) refers (Special) to libinit2.o(.ARM.Collect$$libinit$$0000001F) for __rt_lib_init_fp_trap_1
    libinit.o(.ARM.Collect$$libinit$$00000000) refers (Special) to libinit2.o(.ARM.Collect$$libinit$$00000023) for __rt_lib_init_getenv_1
    libinit.o(.ARM.Collect$$libinit$$00000000) refers (Special) to libinit2.o(.ARM.Collect$$libinit$$0000000A) for __rt_lib_init_heap_1
    libinit.o(.ARM.Collect$$libinit$$00000000) refers (Special) to libinit2.o(.ARM.Collect$$libinit$$00000011) for __rt_lib_init_lc_collate_1
    libinit.o(.ARM.Collect$$libinit$$00000000) refers (Special) to libinit2.o(.ARM.Collect$$libinit$$00000013) for __rt_lib_init_lc_ctype_1
    libinit.o(.ARM.Collect$$libinit$$00000000) refers (Special) to libinit2.o(.ARM.Collect$$libinit$$00000015) for __rt_lib_init_lc_monetary_1
    libinit.o(.ARM.Collect$$libinit$$00000000) refers (Special) to libinit2.o(.ARM.Collect$$libinit$$00000017) for __rt_lib_init_lc_numeric_1
    libinit.o(.ARM.Collect$$libinit$$00000000) refers (Special) to libinit2.o(.ARM.Collect$$libinit$$00000019) for __rt_lib_init_lc_time_1
    libinit.o(.ARM.Collect$$libinit$$00000000) refers (Special) to libinit2.o(.ARM.Collect$$libinit$$00000004) for __rt_lib_init_preinit_1
    libinit.o(.ARM.Collect$$libinit$$00000000) refers (Special) to libinit2.o(.ARM.Collect$$libinit$$0000000E) for __rt_lib_init_rand_1
    libinit.o(.ARM.Collect$$libinit$$00000000) refers (Special) to libinit2.o(.ARM.Collect$$libinit$$00000033) for __rt_lib_init_return
    libinit.o(.ARM.Collect$$libinit$$00000000) refers (Special) to libinit2.o(.ARM.Collect$$libinit$$0000001D) for __rt_lib_init_signal_1
    libinit.o(.ARM.Collect$$libinit$$00000000) refers (Special) to libinit2.o(.ARM.Collect$$libinit$$00000025) for __rt_lib_init_stdio_1
    libinit.o(.ARM.Collect$$libinit$$00000000) refers (Special) to libinit2.o(.ARM.Collect$$libinit$$0000000C) for __rt_lib_init_user_alloc_1
    libinit2.o(.ARM.Collect$$libinit$$00000001) refers to fpinit.o(x$fpl$fpinit) for _fp_init
    libinit2.o(.ARM.Collect$$libinit$$00000005) refers (Weak) to init_alloc.o(.text) for _init_alloc
    libinit2.o(.ARM.Collect$$libinit$$00000010) refers to libinit2.o(.ARM.Collect$$libinit$$0000000F) for .ARM.Collect$$libinit$$0000000F
    libinit2.o(.ARM.Collect$$libinit$$00000012) refers to libinit2.o(.ARM.Collect$$libinit$$0000000F) for .ARM.Collect$$libinit$$0000000F
    libinit2.o(.ARM.Collect$$libinit$$00000014) refers to libinit2.o(.ARM.Collect$$libinit$$0000000F) for .ARM.Collect$$libinit$$0000000F
    libinit2.o(.ARM.Collect$$libinit$$00000016) refers to libinit2.o(.ARM.Collect$$libinit$$0000000F) for .ARM.Collect$$libinit$$0000000F
    libinit2.o(.ARM.Collect$$libinit$$00000018) refers to libinit2.o(.ARM.Collect$$libinit$$0000000F) for .ARM.Collect$$libinit$$0000000F
    libinit2.o(.ARM.Collect$$libinit$$00000024) refers (Weak) to initio.o(.text) for _initio
    libinit2.o(.ARM.Collect$$libinit$$00000026) refers to argv_veneer.o(.emb_text) for __ARM_argv_veneer
    libinit2.o(.ARM.Collect$$libinit$$00000027) refers to argv_veneer.o(.emb_text) for __ARM_argv_veneer
    libshutdown2.o(.ARM.Collect$$libshutdown$$00000003) refers (Weak) to initio.o(.text) for _terminateio
    libshutdown2.o(.ARM.Collect$$libshutdown$$0000000D) refers (Weak) to term_alloc.o(.text) for _terminate_alloc
    libspace.o(.text) refers to libspace.o(.bss) for __libspace_start
    sys_stackheap.o(.text) refers (Special) to indicate_semi.o(.text) for __semihosting_library_function
    sys_stackheap.o(.text) refers to use_no_semi.o(.text) for __I$use$semihosting
    sys_stackheap_hlt.o(.text) refers (Special) to indicate_semi.o(.text) for __semihosting_library_function
    sys_stackheap_hlt.o(.text) refers to use_no_semi.o(.text) for __I$use$semihosting
    rtexit.o(.ARM.Collect$$rtexit$$00000000) refers (Special) to rtexit2.o(.ARM.Collect$$rtexit$$00000004) for __rt_exit_exit
    rtexit.o(.ARM.Collect$$rtexit$$00000000) refers (Special) to rtexit2.o(.ARM.Collect$$rtexit$$00000003) for __rt_exit_ls
    rtexit.o(.ARM.Collect$$rtexit$$00000000) refers (Special) to rtexit2.o(.ARM.Collect$$rtexit$$00000002) for __rt_exit_prels_1
    rtexit.o(.ARM.exidx) refers (Special) to rtexit2.o(.ARM.Collect$$rtexit$$00000004) for __rt_exit_exit
    rtexit.o(.ARM.exidx) refers (Special) to rtexit2.o(.ARM.Collect$$rtexit$$00000003) for __rt_exit_ls
    rtexit.o(.ARM.exidx) refers (Special) to rtexit2.o(.ARM.Collect$$rtexit$$00000002) for __rt_exit_prels_1
    rtexit.o(.ARM.exidx) refers to rtexit.o(.ARM.Collect$$rtexit$$00000000) for .ARM.Collect$$rtexit$$00000000
    rt_raise.o(.text) refers to __raise.o(.text) for __raise
    rt_raise.o(.text) refers to sys_exit.o(.text) for _sys_exit
    rt_heap_descriptor.o(.text) refers to rt_heap_descriptor.o(.bss) for __rt_heap_descriptor_data
    rt_heap_descriptor_intlibspace.o(.text) refers to libspace.o(.bss) for __libspace_start
    init_alloc.o(.text) refers (Special) to hguard.o(.text) for __heap$guard
    init_alloc.o(.text) refers (Special) to libinit3.o(.ARM.Collect$$libinit$$00000006) for __rt_lib_init_heap_2
    init_alloc.o(.text) refers (Special) to maybetermalloc1.o(.text) for _maybe_terminate_alloc
    init_alloc.o(.text) refers to h1_extend.o(.text) for __Heap_ProvideMemory
    init_alloc.o(.text) refers to defsig_rtmem_outer.o(.text) for __rt_SIGRTMEM
    init_alloc.o(.text) refers to rt_heap_descriptor_intlibspace.o(.text) for __rt_heap_descriptor
    init_alloc.o(.text) refers to h1_init.o(.text) for __Heap_Initialize
    h1_init_threads.o(.text) refers to mutex_dummy.o(.text) for _mutex_initialize
    fflush.o(.text) refers to stdio.o(.text) for _fflush
    fflush.o(.text) refers to fseek.o(.text) for _fseek
    fflush.o(.text) refers to stdio_streams.o(.bss) for __stdin
    fputs.o(.text) refers to fputc.o(i.fputc) for fputc
    fseek.o(.text) refers to retarget_io.o(.text._sys_istty) for _sys_istty
    fseek.o(.text) refers to ftell.o(.text) for _ftell_internal
    fseek.o(.text) refers to retarget_io.o(.text._sys_flen) for _sys_flen
    fseek.o(.text) refers to stdio.o(.text) for _seterr
    fflush_locked.o(.text) refers to stdio.o(.text) for _fflush
    fflush_locked.o(.text) refers to fseek.o(.text) for _fseek
    fflush_locked.o(.text) refers to fflush.o(.text) for _do_fflush
    fflush_locked.o(.text) refers to streamlock.o(.data) for _stream_list_lock
    fflush_locked.o(.text) refers to stdio_streams.o(.bss) for __stdin
    defsig_exit.o(.text) refers to sys_exit.o(.text) for _sys_exit
    defsig_rtred_inner.o(.text) refers to defsig_general.o(.text) for __default_signal_display
    rt_memcpy_v6.o(.text) refers to rt_memcpy_w.o(.text) for __aeabi_memcpy4
    _get_argv.o(.text) refers (Special) to hrguard.o(.text) for __heap_region$guard
    _get_argv.o(.text) refers to h1_alloc.o(.text) for malloc
    _get_argv.o(.text) refers to defsig_rtmem_outer.o(.text) for __rt_SIGRTMEM
    _get_argv.o(.text) refers to sys_command.o(.text) for _sys_command_string
    argv_veneer.o(.emb_text) refers to no_argv.o(.text) for __ARM_get_argv
    libinit3.o(.ARM.Collect$$libinit$$00000006) refers to libinit3.o(.ARM.Collect$$libinit$$00002717) for __lit__00000000
    libinit3.o(.ARM.Collect$$libinit$$00000006) refers (Weak) to init_alloc.o(.text) for _init_alloc
    libinit3.o(.ARM.Collect$$libinit$$00002717) refers to startup_armcm4.o(HEAP) for __heap_base
    libinit3.o(.ARM.Collect$$libinit$$00000028) refers to libinit3.o(.ARM.Collect$$libinit$$00002739) for __lit__00000002
    libinit3.o(.ARM.Collect$$libinit$$00000028) refers to argv_veneer.o(.emb_text) for __ARM_argv_veneer
    libinit3.o(.ARM.Collect$$libinit$$00002739) refers to startup_armcm4.o(HEAP) for __heap_base
    sys_command.o(.text) refers (Special) to use_no_semi.o(.text) for __I$use$semihosting
    sys_command.o(.text) refers (Special) to indicate_semi.o(.text) for __semihosting_library_function
    sys_exit.o(.text) refers (Special) to use_no_semi.o(.text) for __I$use$semihosting
    sys_exit.o(.text) refers (Special) to indicate_semi.o(.text) for __semihosting_library_function
    sys_command_hlt.o(.text) refers (Special) to use_no_semi.o(.text) for __I$use$semihosting
    sys_command_hlt.o(.text) refers (Special) to indicate_semi.o(.text) for __semihosting_library_function
    sys_exit_hlt.o(.text) refers (Special) to use_no_semi.o(.text) for __I$use$semihosting
    sys_exit_hlt.o(.text) refers (Special) to indicate_semi.o(.text) for __semihosting_library_function
    rtexit2.o(.ARM.Collect$$rtexit$$00000003) refers to libshutdown.o(.ARM.Collect$$libshutdown$$00000000) for __rt_lib_shutdown
    rtexit2.o(.ARM.Collect$$rtexit$$00000004) refers to sys_exit.o(.text) for _sys_exit
    rtexit2.o(.ARM.exidx) refers to rtexit2.o(.ARM.Collect$$rtexit$$00000001) for .ARM.Collect$$rtexit$$00000001
    rtexit2.o(.ARM.exidx) refers to rtexit2.o(.ARM.Collect$$rtexit$$00000003) for .ARM.Collect$$rtexit$$00000003
    rtexit2.o(.ARM.exidx) refers to rtexit2.o(.ARM.Collect$$rtexit$$00000004) for .ARM.Collect$$rtexit$$00000004
    maybetermalloc2.o(.text) refers (Special) to term_alloc.o(.text) for _terminate_alloc
    h1_extend.o(.text) refers to h1_free.o(.text) for free
    h1_extend_threads.o(.text) refers to h1_free_threads.o(.text) for free_internal$concurrent
    ftell.o(.text) refers to rt_errno_addr_intlibspace.o(.text) for __aeabi_errno_addr
    __raise.o(.text) refers to defsig.o(CL$$defsig) for __default_signal_handler
    defsig_general.o(.text) refers to sys_wrch.o(.text) for _ttywrch
    defsig_rtmem_outer.o(.text) refers to defsig_rtmem_inner.o(.text) for __rt_SIGRTMEM_inner
    defsig_rtmem_outer.o(.text) refers to defsig_exit.o(.text) for __sig_exit
    defsig_rtmem_formal.o(.text) refers to rt_raise.o(.text) for __rt_raise
    heapauxa.o(.text) refers to heapauxa.o(.data) for .data
    _get_argv_nomalloc.o(.text) refers (Special) to hrguard.o(.text) for __heap_region$guard
    _get_argv_nomalloc.o(.text) refers to defsig_rtmem_outer.o(.text) for __rt_SIGRTMEM
    _get_argv_nomalloc.o(.text) refers to sys_command.o(.text) for _sys_command_string
    sys_wrch.o(.text) refers (Special) to use_no_semi.o(.text) for __I$use$semihosting
    sys_wrch.o(.text) refers (Special) to indicate_semi.o(.text) for __semihosting_library_function
    sys_wrch_hlt.o(.text) refers (Special) to use_no_semi.o(.text) for __I$use$semihosting
    sys_wrch_hlt.o(.text) refers (Special) to indicate_semi.o(.text) for __semihosting_library_function
    rt_errno_addr.o(.text) refers to rt_errno_addr.o(.bss) for __aeabi_errno_addr_data
    rt_errno_addr_intlibspace.o(.text) refers to libspace.o(.bss) for __libspace_start
    term_alloc.o(.text) refers (Special) to libshutdown2.o(.ARM.Collect$$libshutdown$$0000000E) for __rt_lib_shutdown_heap_2
    term_alloc.o(.text) refers to rt_heap_descriptor_intlibspace.o(.text) for __rt_heap_descriptor
    term_alloc.o(.text) refers to h1_final.o(.text) for __Heap_Finalize
    defsig_rtmem_inner.o(.text) refers to defsig_general.o(.text) for __default_signal_display
    defsig.o(CL$$defsig) refers to defsig_rtred_inner.o(.text) for __rt_SIGRTRED_inner
    defsig.o(CL$$defsig) refers to defsig_rtmem_inner.o(.text) for __rt_SIGRTMEM_inner
    libshutdown.o(.ARM.Collect$$libshutdown$$00000000) refers (Special) to libshutdown2.o(.ARM.Collect$$libshutdown$$00000002) for __rt_lib_shutdown_cpp_1
    libshutdown.o(.ARM.Collect$$libshutdown$$00000000) refers (Special) to libshutdown2.o(.ARM.Collect$$libshutdown$$00000007) for __rt_lib_shutdown_fp_trap_1
    libshutdown.o(.ARM.Collect$$libshutdown$$00000000) refers (Special) to libshutdown2.o(.ARM.Collect$$libshutdown$$0000000F) for __rt_lib_shutdown_heap_1
    libshutdown.o(.ARM.Collect$$libshutdown$$00000000) refers (Special) to libshutdown2.o(.ARM.Collect$$libshutdown$$00000010) for __rt_lib_shutdown_return
    libshutdown.o(.ARM.Collect$$libshutdown$$00000000) refers (Special) to libshutdown2.o(.ARM.Collect$$libshutdown$$0000000A) for __rt_lib_shutdown_signal_1
    libshutdown.o(.ARM.Collect$$libshutdown$$00000000) refers (Special) to libshutdown2.o(.ARM.Collect$$libshutdown$$00000004) for __rt_lib_shutdown_stdio_1
    libshutdown.o(.ARM.Collect$$libshutdown$$00000000) refers (Special) to libshutdown2.o(.ARM.Collect$$libshutdown$$0000000C) for __rt_lib_shutdown_user_alloc_1
    defsig_abrt_inner.o(.text) refers to defsig_general.o(.text) for __default_signal_display
    defsig_fpe_inner.o(.text) refers to defsig_general.o(.text) for __default_signal_display
    defsig_stak_inner.o(.text) refers to defsig_general.o(.text) for __default_signal_display
    defsig_pvfn_inner.o(.text) refers to defsig_general.o(.text) for __default_signal_display
    defsig_cppl_inner.o(.text) refers to defsig_general.o(.text) for __default_signal_display
    defsig_segv_inner.o(.text) refers to defsig_general.o(.text) for __default_signal_display
    defsig_other.o(.text) refers to defsig_general.o(.text) for __default_signal_display


==============================================================================

Removing Unused input sections from the image.

    Removing main.o(.text), (0 bytes).
    Removing main.o(.ARM.exidx.text.main), (8 bytes).
    Removing main.o(.ARM.exidx.text.mainBitTest), (8 bytes).
    Removing main.o(.ARM.exidx.text.mainBitClear), (8 bytes).
    Removing main.o(.ARM.exidx.text.mainBitToggle), (8 bytes).
    Removing main.o(.ARM.exidx.text.mainStringLength), (8 bytes).
    Removing main.o(.ARM.exidx.text.printBits), (8 bytes).
    Removing main.o(.ARM.use_no_argv), (4 bytes).
    Removing utilities.o(.text), (0 bytes).
    Removing utilities.o(.ARM.exidx.text.bitSet), (8 bytes).
    Removing utilities.o(.ARM.exidx.text.bitClear), (8 bytes).
    Removing utilities.o(.ARM.exidx.text.bitToggle), (8 bytes).
    Removing utilities.o(.ARM.exidx.text.stringLength), (8 bytes).
    Removing retarget_io.o(.text), (0 bytes).
    Removing retarget_io.o(.ARM.exidx.text.ITM_SendChar), (8 bytes).
    Removing retarget_io.o(.text.ITM_ReceiveChar), (32 bytes).
    Removing retarget_io.o(.ARM.exidx.text.ITM_ReceiveChar), (8 bytes).
    Removing retarget_io.o(.ARM.exidx.text._sys_open), (8 bytes).
    Removing retarget_io.o(.ARM.exidx.text._sys_close), (8 bytes).
    Removing retarget_io.o(.ARM.exidx.text._sys_write), (8 bytes).
    Removing retarget_io.o(.ARM.exidx.text.stdout_putchar), (8 bytes).
    Removing retarget_io.o(.text._sys_read), (20 bytes).
    Removing retarget_io.o(.ARM.exidx.text._sys_read), (8 bytes).
    Removing retarget_io.o(.ARM.exidx.text._sys_istty), (8 bytes).
    Removing retarget_io.o(.ARM.exidx.text._sys_seek), (8 bytes).
    Removing retarget_io.o(.ARM.exidx.text._sys_flen), (8 bytes).
    Removing retarget_io.o(.data.ITM_RxBuffer), (4 bytes).
    Removing system_armcm4.o(.text), (0 bytes).
    Removing system_armcm4.o(.text.SystemCoreClockUpdate), (20 bytes).
    Removing system_armcm4.o(.ARM.exidx.text.SystemCoreClockUpdate), (8 bytes).
    Removing system_armcm4.o(.ARM.exidx.text.SystemInit), (8 bytes).

31 unused section(s) (total 256 bytes) removed from the image.

==============================================================================

Image Symbol Table

    Local Symbols

    Symbol Name                              Value     Ov Type        Size  Object(Section)

    ../clib/angel/boardlib.s                 0x00000000   Number         0  boardinit1.o ABSOLUTE
    ../clib/angel/boardlib.s                 0x00000000   Number         0  boardinit2.o ABSOLUTE
    ../clib/angel/boardlib.s                 0x00000000   Number         0  boardinit3.o ABSOLUTE
    ../clib/angel/boardlib.s                 0x00000000   Number         0  boardshut.o ABSOLUTE
    ../clib/angel/handlers.s                 0x00000000   Number         0  __scatter_copy.o ABSOLUTE
    ../clib/angel/handlers.s                 0x00000000   Number         0  __scatter_zi.o ABSOLUTE
    ../clib/angel/kernel.s                   0x00000000   Number         0  __rtentry.o ABSOLUTE
    ../clib/angel/kernel.s                   0x00000000   Number         0  __rtentry2.o ABSOLUTE
    ../clib/angel/kernel.s                   0x00000000   Number         0  __rtentry4.o ABSOLUTE
    ../clib/angel/kernel.s                   0x00000000   Number         0  __rtentry5.o ABSOLUTE
    ../clib/angel/kernel.s                   0x00000000   Number         0  rtexit.o ABSOLUTE
    ../clib/angel/kernel.s                   0x00000000   Number         0  rtexit2.o ABSOLUTE
    ../clib/angel/rt.s                       0x00000000   Number         0  rt_raise.o ABSOLUTE
    ../clib/angel/rt.s                       0x00000000   Number         0  rt_heap_descriptor.o ABSOLUTE
    ../clib/angel/rt.s                       0x00000000   Number         0  rt_heap_descriptor_intlibspace.o ABSOLUTE
    ../clib/angel/rt.s                       0x00000000   Number         0  rt_errno_addr.o ABSOLUTE
    ../clib/angel/rt.s                       0x00000000   Number         0  rt_errno_addr_intlibspace.o ABSOLUTE
    ../clib/angel/scatter.s                  0x00000000   Number         0  __scatter.o ABSOLUTE
    ../clib/angel/startup.s                  0x00000000   Number         0  __main.o ABSOLUTE
    ../clib/angel/sys.s                      0x00000000   Number         0  mutex_dummy.o ABSOLUTE
    ../clib/angel/sys.s                      0x00000000   Number         0  sys_stackheap_outer.o ABSOLUTE
    ../clib/angel/sys.s                      0x00000000   Number         0  libspace.o ABSOLUTE
    ../clib/angel/sys.s                      0x00000000   Number         0  sys_stackheap.o ABSOLUTE
    ../clib/angel/sys.s                      0x00000000   Number         0  sys_stackheap_hlt.o ABSOLUTE
    ../clib/angel/sys.s                      0x00000000   Number         0  use_no_semi.o ABSOLUTE
    ../clib/angel/sys.s                      0x00000000   Number         0  indicate_semi.o ABSOLUTE
    ../clib/angel/sysapp.c                   0x00000000   Number         0  sys_command.o ABSOLUTE
    ../clib/angel/sysapp.c                   0x00000000   Number         0  sys_exit.o ABSOLUTE
    ../clib/angel/sysapp.c                   0x00000000   Number         0  sys_command_hlt.o ABSOLUTE
    ../clib/angel/sysapp.c                   0x00000000   Number         0  sys_exit_hlt.o ABSOLUTE
    ../clib/angel/sysapp.c                   0x00000000   Number         0  sys_wrch.o ABSOLUTE
    ../clib/angel/sysapp.c                   0x00000000   Number         0  sys_wrch_hlt.o ABSOLUTE
    ../clib/armsys.c                         0x00000000   Number         0  _get_argv.o ABSOLUTE
    ../clib/armsys.c                         0x00000000   Number         0  argv_veneer.o ABSOLUTE
    ../clib/armsys.c                         0x00000000   Number         0  argv_veneer.o ABSOLUTE
    ../clib/armsys.c                         0x00000000   Number         0  _get_argv_nomalloc.o ABSOLUTE
    ../clib/armsys.c                         0x00000000   Number         0  no_argv.o ABSOLUTE
    ../clib/assert.c                         0x00000000   Number         0  assert_stdio.o ABSOLUTE
    ../clib/heap1.c                          0x00000000   Number         0  h1_alloc.o ABSOLUTE
    ../clib/heap1.c                          0x00000000   Number         0  h1_free.o ABSOLUTE
    ../clib/heap1.c                          0x00000000   Number         0  h1_alloc_threads.o ABSOLUTE
    ../clib/heap1.c                          0x00000000   Number         0  h1_free_threads.o ABSOLUTE
    ../clib/heap1.c                          0x00000000   Number         0  h1_init.o ABSOLUTE
    ../clib/heap1.c                          0x00000000   Number         0  h1_init_threads.o ABSOLUTE
    ../clib/heap1.c                          0x00000000   Number         0  h1_extend.o ABSOLUTE
    ../clib/heap1.c                          0x00000000   Number         0  h1_extend_threads.o ABSOLUTE
    ../clib/heap1.c                          0x00000000   Number         0  h1_final.o ABSOLUTE
    ../clib/heap1.c                          0x00000000   Number         0  h1_final_threads.o ABSOLUTE
    ../clib/heap2.c                          0x00000000   Number         0  heap2.o ABSOLUTE
    ../clib/heap2.c                          0x00000000   Number         0  heap2_threads.o ABSOLUTE
    ../clib/heap2.c                          0x00000000   Number         0  fdtree.o ABSOLUTE
    ../clib/heapalloc.c                      0x00000000   Number         0  malloc.o ABSOLUTE
    ../clib/heapalloc.c                      0x00000000   Number         0  free.o ABSOLUTE
    ../clib/heapalloc.c                      0x00000000   Number         0  hguard.o ABSOLUTE
    ../clib/heapalloc.c                      0x00000000   Number         0  init_alloc.o ABSOLUTE
    ../clib/heapalloc.c                      0x00000000   Number         0  heapstubs.o ABSOLUTE
    ../clib/heapalloc.c                      0x00000000   Number         0  hrguard.o ABSOLUTE
    ../clib/heapalloc.c                      0x00000000   Number         0  term_alloc.o ABSOLUTE
    ../clib/heapaux.c                        0x00000000   Number         0  heapauxi.o ABSOLUTE
    ../clib/heapaux.c                        0x00000000   Number         0  heapauxa.o ABSOLUTE
    ../clib/libinit.s                        0x00000000   Number         0  libinit.o ABSOLUTE
    ../clib/libinit.s                        0x00000000   Number         0  libinit2.o ABSOLUTE
    ../clib/libinit.s                        0x00000000   Number         0  libshutdown2.o ABSOLUTE
    ../clib/libinit.s                        0x00000000   Number         0  libinit3.o ABSOLUTE
    ../clib/libinit.s                        0x00000000   Number         0  libshutdown.o ABSOLUTE
    ../clib/maybe.s                          0x00000000   Number         0  maybetermalloc1.o ABSOLUTE
    ../clib/maybe.s                          0x00000000   Number         0  maybetermalloc2.o ABSOLUTE
    ../clib/memcpset.s                       0x00000000   Number         0  strcmpv7em.o ABSOLUTE
    ../clib/memcpset.s                       0x00000000   Number         0  rt_memclr_w.o ABSOLUTE
    ../clib/memcpset.s                       0x00000000   Number         0  rt_memcpy_v6.o ABSOLUTE
    ../clib/memcpset.s                       0x00000000   Number         0  rt_memcpy_w.o ABSOLUTE
    ../clib/printf.c                         0x00000000   Number         0  __2printf.o ABSOLUTE
    ../clib/printf.c                         0x00000000   Number         0  noretval__2printf.o ABSOLUTE
    ../clib/printf.c                         0x00000000   Number         0  __printf.o ABSOLUTE
    ../clib/printf.c                         0x00000000   Number         0  _printf_str.o ABSOLUTE
    ../clib/printf.c                         0x00000000   Number         0  _printf_dec.o ABSOLUTE
    ../clib/printf.c                         0x00000000   Number         0  __printf_flags.o ABSOLUTE
    ../clib/printf.c                         0x00000000   Number         0  __printf_ss.o ABSOLUTE
    ../clib/printf.c                         0x00000000   Number         0  __printf_flags_ss.o ABSOLUTE
    ../clib/printf.c                         0x00000000   Number         0  __printf_wp.o ABSOLUTE
    ../clib/printf.c                         0x00000000   Number         0  __printf_flags_wp.o ABSOLUTE
    ../clib/printf.c                         0x00000000   Number         0  __printf_ss_wp.o ABSOLUTE
    ../clib/printf.c                         0x00000000   Number         0  __printf_flags_ss_wp.o ABSOLUTE
    ../clib/printf.c                         0x00000000   Number         0  _printf_intcommon.o ABSOLUTE
    ../clib/printf.c                         0x00000000   Number         0  _printf_char.o ABSOLUTE
    ../clib/printf.c                         0x00000000   Number         0  _printf_char_file.o ABSOLUTE
    ../clib/printf.c                         0x00000000   Number         0  _printf_char_common.o ABSOLUTE
    ../clib/printf.c                         0x00000000   Number         0  __printf_nopercent.o ABSOLUTE
    ../clib/printf.c                         0x00000000   Number         0  _printf_char_file_locked.o ABSOLUTE
    ../clib/printf_percent.s                 0x00000000   Number         0  _printf_s.o ABSOLUTE
    ../clib/printf_percent.s                 0x00000000   Number         0  _printf_d.o ABSOLUTE
    ../clib/printf_percent.s                 0x00000000   Number         0  _printf_percent.o ABSOLUTE
    ../clib/printf_percent.s                 0x00000000   Number         0  _printf_percent_end.o ABSOLUTE
    ../clib/signal.c                         0x00000000   Number         0  defsig_rtred_outer.o ABSOLUTE
    ../clib/signal.c                         0x00000000   Number         0  defsig_rtred_formal.o ABSOLUTE
    ../clib/signal.c                         0x00000000   Number         0  defsig_exit.o ABSOLUTE
    ../clib/signal.c                         0x00000000   Number         0  defsig_rtred_inner.o ABSOLUTE
    ../clib/signal.c                         0x00000000   Number         0  __raise.o ABSOLUTE
    ../clib/signal.c                         0x00000000   Number         0  defsig_general.o ABSOLUTE
    ../clib/signal.c                         0x00000000   Number         0  defsig_rtmem_outer.o ABSOLUTE
    ../clib/signal.c                         0x00000000   Number         0  defsig_rtmem_formal.o ABSOLUTE
    ../clib/signal.c                         0x00000000   Number         0  defsig_rtmem_inner.o ABSOLUTE
    ../clib/signal.c                         0x00000000   Number         0  defsig_abrt_inner.o ABSOLUTE
    ../clib/signal.c                         0x00000000   Number         0  defsig_fpe_inner.o ABSOLUTE
    ../clib/signal.c                         0x00000000   Number         0  defsig_stak_inner.o ABSOLUTE
    ../clib/signal.c                         0x00000000   Number         0  defsig_pvfn_inner.o ABSOLUTE
    ../clib/signal.c                         0x00000000   Number         0  defsig_cppl_inner.o ABSOLUTE
    ../clib/signal.c                         0x00000000   Number         0  defsig_segv_inner.o ABSOLUTE
    ../clib/signal.c                         0x00000000   Number         0  defsig_other.o ABSOLUTE
    ../clib/signal.s                         0x00000000   Number         0  defsig.o ABSOLUTE
    ../clib/stdio.c                          0x00000000   Number         0  putchar.o ABSOLUTE
    ../clib/stdio.c                          0x00000000   Number         0  puts.o ABSOLUTE
    ../clib/stdio.c                          0x00000000   Number         0  fputc.o ABSOLUTE
    ../clib/stdio.c                          0x00000000   Number         0  stdio_streams.o ABSOLUTE
    ../clib/stdio.c                          0x00000000   Number         0  fputc_locked.o ABSOLUTE
    ../clib/stdio.c                          0x00000000   Number         0  ferror.o ABSOLUTE
    ../clib/stdio.c                          0x00000000   Number         0  flsbuf.o ABSOLUTE
    ../clib/stdio.c                          0x00000000   Number         0  initio.o ABSOLUTE
    ../clib/stdio.c                          0x00000000   Number         0  ferror_locked.o ABSOLUTE
    ../clib/stdio.c                          0x00000000   Number         0  initio_locked.o ABSOLUTE
    ../clib/stdio.c                          0x00000000   Number         0  setvbuf.o ABSOLUTE
    ../clib/stdio.c                          0x00000000   Number         0  stdio.o ABSOLUTE
    ../clib/stdio.c                          0x00000000   Number         0  fwritefast.o ABSOLUTE
    ../clib/stdio.c                          0x00000000   Number         0  streamlock.o ABSOLUTE
    ../clib/stdio.c                          0x00000000   Number         0  fopen.o ABSOLUTE
    ../clib/stdio.c                          0x00000000   Number         0  fclose.o ABSOLUTE
    ../clib/stdio.c                          0x00000000   Number         0  puts_locked.o ABSOLUTE
    ../clib/stdio.c                          0x00000000   Number         0  setvbuf_locked.o ABSOLUTE
    ../clib/stdio.c                          0x00000000   Number         0  fopen_locked.o ABSOLUTE
    ../clib/stdio.c                          0x00000000   Number         0  fwritefast_locked.o ABSOLUTE
    ../clib/stdio.c                          0x00000000   Number         0  fflush.o ABSOLUTE
    ../clib/stdio.c                          0x00000000   Number         0  fputs.o ABSOLUTE
    ../clib/stdio.c                          0x00000000   Number         0  fseek.o ABSOLUTE
    ../clib/stdio.c                          0x00000000   Number         0  fputs_locked.o ABSOLUTE
    ../clib/stdio.c                          0x00000000   Number         0  fflush_locked.o ABSOLUTE
    ../clib/stdio.c                          0x00000000   Number         0  ftell.o ABSOLUTE
    ../clib/stdlib.c                         0x00000000   Number         0  exit.o ABSOLUTE
    ../clib/string.c                         0x00000000   Number         0  strlen.o ABSOLUTE
    ../clib/wchar.c                          0x00000000   Number         0  flsbuf_fwide.o ABSOLUTE
    ../fplib/fpinit.s                        0x00000000   Number         0  fpinit.o ABSOLUTE
    RTE/Device/ARMCM4_FP/startup_ARMCM4.s    0x00000000   Number         0  startup_armcm4.o ABSOLUTE
    dc.s                                     0x00000000   Number         0  dc.o ABSOLUTE
    main.c                                   0x00000000   Number         0  main.o ABSOLUTE
    retarget_io.c                            0x00000000   Number         0  retarget_io.o ABSOLUTE
    system_ARMCM4.c                          0x00000000   Number         0  system_armcm4.o ABSOLUTE
    utilities.c                              0x00000000   Number         0  utilities.o ABSOLUTE
    RESET                                    0x00000000   Section      960  startup_armcm4.o(RESET)
    !!!main                                  0x000003c0   Section        8  __main.o(!!!main)
    !!!scatter                               0x000003c8   Section       52  __scatter.o(!!!scatter)
    !!handler_copy                           0x000003fc   Section       26  __scatter_copy.o(!!handler_copy)
    !!handler_zi                             0x00000418   Section       28  __scatter_zi.o(!!handler_zi)
    .ARM.Collect$$_printf_percent$$00000000  0x00000434   Section        0  _printf_percent.o(.ARM.Collect$$_printf_percent$$00000000)
    .ARM.Collect$$_printf_percent$$00000009  0x00000434   Section        6  _printf_d.o(.ARM.Collect$$_printf_percent$$00000009)
    .ARM.Collect$$_printf_percent$$00000014  0x0000043a   Section        6  _printf_s.o(.ARM.Collect$$_printf_percent$$00000014)
    .ARM.Collect$$_printf_percent$$00000017  0x00000440   Section        4  _printf_percent_end.o(.ARM.Collect$$_printf_percent$$00000017)
    .ARM.Collect$$libinit$$00000000          0x00000444   Section        2  libinit.o(.ARM.Collect$$libinit$$00000000)
    .ARM.Collect$$libinit$$00000001          0x00000446   Section        4  libinit2.o(.ARM.Collect$$libinit$$00000001)
    .ARM.Collect$$libinit$$00000004          0x0000044a   Section        0  libinit2.o(.ARM.Collect$$libinit$$00000004)
    .ARM.Collect$$libinit$$00000006          0x0000044a   Section        8  libinit3.o(.ARM.Collect$$libinit$$00000006)
    .ARM.Collect$$libinit$$0000000A          0x00000452   Section        0  libinit2.o(.ARM.Collect$$libinit$$0000000A)
    .ARM.Collect$$libinit$$0000000C          0x00000452   Section        0  libinit2.o(.ARM.Collect$$libinit$$0000000C)
    .ARM.Collect$$libinit$$0000000E          0x00000452   Section        0  libinit2.o(.ARM.Collect$$libinit$$0000000E)
    .ARM.Collect$$libinit$$00000011          0x00000452   Section        0  libinit2.o(.ARM.Collect$$libinit$$00000011)
    .ARM.Collect$$libinit$$00000013          0x00000452   Section        0  libinit2.o(.ARM.Collect$$libinit$$00000013)
    .ARM.Collect$$libinit$$00000015          0x00000452   Section        0  libinit2.o(.ARM.Collect$$libinit$$00000015)
    .ARM.Collect$$libinit$$00000017          0x00000452   Section        0  libinit2.o(.ARM.Collect$$libinit$$00000017)
    .ARM.Collect$$libinit$$00000019          0x00000452   Section        0  libinit2.o(.ARM.Collect$$libinit$$00000019)
    .ARM.Collect$$libinit$$0000001B          0x00000452   Section        0  libinit2.o(.ARM.Collect$$libinit$$0000001B)
    .ARM.Collect$$libinit$$0000001D          0x00000452   Section        0  libinit2.o(.ARM.Collect$$libinit$$0000001D)
    .ARM.Collect$$libinit$$0000001F          0x00000452   Section        0  libinit2.o(.ARM.Collect$$libinit$$0000001F)
    .ARM.Collect$$libinit$$00000021          0x00000452   Section        0  libinit2.o(.ARM.Collect$$libinit$$00000021)
    .ARM.Collect$$libinit$$00000023          0x00000452   Section        0  libinit2.o(.ARM.Collect$$libinit$$00000023)
    .ARM.Collect$$libinit$$00000024          0x00000452   Section        4  libinit2.o(.ARM.Collect$$libinit$$00000024)
    .ARM.Collect$$libinit$$00000025          0x00000456   Section        0  libinit2.o(.ARM.Collect$$libinit$$00000025)
    .ARM.Collect$$libinit$$0000002C          0x00000456   Section        0  libinit2.o(.ARM.Collect$$libinit$$0000002C)
    .ARM.Collect$$libinit$$0000002E          0x00000456   Section        0  libinit2.o(.ARM.Collect$$libinit$$0000002E)
    .ARM.Collect$$libinit$$00000030          0x00000456   Section        0  libinit2.o(.ARM.Collect$$libinit$$00000030)
    .ARM.Collect$$libinit$$00000032          0x00000456   Section        0  libinit2.o(.ARM.Collect$$libinit$$00000032)
    .ARM.Collect$$libinit$$00000033          0x00000456   Section        2  libinit2.o(.ARM.Collect$$libinit$$00000033)
    __lit__00000000                          0x00000458   Data           4  libinit3.o(.ARM.Collect$$libinit$$00002717)
    .ARM.Collect$$libinit$$00002717          0x00000458   Section        8  libinit3.o(.ARM.Collect$$libinit$$00002717)
    __lit__00000001                          0x0000045c   Data           4  libinit3.o(.ARM.Collect$$libinit$$00002717)
    .ARM.Collect$$libshutdown$$00000000      0x00000460   Section        2  libshutdown.o(.ARM.Collect$$libshutdown$$00000000)
    .ARM.Collect$$libshutdown$$00000002      0x00000462   Section        0  libshutdown2.o(.ARM.Collect$$libshutdown$$00000002)
    .ARM.Collect$$libshutdown$$00000003      0x00000462   Section        4  libshutdown2.o(.ARM.Collect$$libshutdown$$00000003)
    .ARM.Collect$$libshutdown$$00000004      0x00000466   Section        0  libshutdown2.o(.ARM.Collect$$libshutdown$$00000004)
    .ARM.Collect$$libshutdown$$00000007      0x00000466   Section        0  libshutdown2.o(.ARM.Collect$$libshutdown$$00000007)
    .ARM.Collect$$libshutdown$$0000000A      0x00000466   Section        0  libshutdown2.o(.ARM.Collect$$libshutdown$$0000000A)
    .ARM.Collect$$libshutdown$$0000000C      0x00000466   Section        0  libshutdown2.o(.ARM.Collect$$libshutdown$$0000000C)
    .ARM.Collect$$libshutdown$$0000000F      0x00000466   Section        0  libshutdown2.o(.ARM.Collect$$libshutdown$$0000000F)
    .ARM.Collect$$libshutdown$$00000010      0x00000466   Section        2  libshutdown2.o(.ARM.Collect$$libshutdown$$00000010)
    .ARM.Collect$$rtentry$$00000000          0x00000468   Section        0  __rtentry.o(.ARM.Collect$$rtentry$$00000000)
    .ARM.Collect$$rtentry$$00000002          0x00000468   Section        0  __rtentry2.o(.ARM.Collect$$rtentry$$00000002)
    .ARM.Collect$$rtentry$$00000005          0x00000468   Section        4  __rtentry5.o(.ARM.Collect$$rtentry$$00000005)
    .ARM.Collect$$rtentry$$00000009          0x0000046c   Section        0  __rtentry2.o(.ARM.Collect$$rtentry$$00000009)
    .ARM.Collect$$rtentry$$0000000A          0x0000046c   Section        4  __rtentry2.o(.ARM.Collect$$rtentry$$0000000A)
    .ARM.Collect$$rtentry$$0000000C          0x00000470   Section        0  __rtentry2.o(.ARM.Collect$$rtentry$$0000000C)
    .ARM.Collect$$rtentry$$0000000D          0x00000470   Section        8  __rtentry2.o(.ARM.Collect$$rtentry$$0000000D)
    __lit__00000000                          0x00000478   Data           4  __rtentry5.o(.ARM.Collect$$rtentry$$00002716)
    .ARM.Collect$$rtentry$$00002716          0x00000478   Section        4  __rtentry5.o(.ARM.Collect$$rtentry$$00002716)
    .ARM.Collect$$rtexit$$00000000           0x0000047c   Section        2  rtexit.o(.ARM.Collect$$rtexit$$00000000)
    .ARM.Collect$$rtexit$$00000002           0x0000047e   Section        0  rtexit2.o(.ARM.Collect$$rtexit$$00000002)
    .ARM.Collect$$rtexit$$00000003           0x0000047e   Section        4  rtexit2.o(.ARM.Collect$$rtexit$$00000003)
    .ARM.Collect$$rtexit$$00000004           0x00000482   Section        6  rtexit2.o(.ARM.Collect$$rtexit$$00000004)
    $v0                                      0x00000488   Number         0  startup_armcm4.o(.text)
    .text                                    0x00000488   Section       56  startup_armcm4.o(.text)
    .text                                    0x000004c0   Section        0  noretval__2printf.o(.text)
    .text                                    0x000004d8   Section        0  __printf.o(.text)
    .text                                    0x00000540   Section        0  _printf_str.o(.text)
    .text                                    0x00000594   Section        0  _printf_dec.o(.text)
    .text                                    0x0000060c   Section        0  putchar.o(.text)
    .text                                    0x00000618   Section        0  puts.o(.text)
    .text                                    0x00000644   Section        0  strlen.o(.text)
    .text                                    0x00000688   Section      124  strcmpv7em.o(.text)
    .text                                    0x00000704   Section        0  heapauxi.o(.text)
    .text                                    0x0000070a   Section        0  _printf_intcommon.o(.text)
    .text                                    0x000007bc   Section        0  _printf_char.o(.text)
    .text                                    0x000007e8   Section        0  _printf_char_file.o(.text)
    _printf_input_char                       0x0000080d   Thumb Code    10  _printf_char_common.o(.text)
    .text                                    0x0000080c   Section        0  _printf_char_common.o(.text)
    .text                                    0x0000083c   Section        0  ferror.o(.text)
    .text                                    0x00000844   Section        0  flsbuf.o(.text)
    .text                                    0x00000a1c   Section        0  initio.o(.text)
    .text                                    0x00000b54   Section        0  h1_alloc.o(.text)
    .text                                    0x00000bb2   Section        0  h1_free.o(.text)
    .text                                    0x00000c00   Section        0  setvbuf.o(.text)
    .text                                    0x00000c48   Section        0  stdio.o(.text)
    _freopen_locked                          0x00000d39   Thumb Code     0  fopen.o(.text)
    .text                                    0x00000d38   Section        0  fopen.o(.text)
    .text                                    0x00000e28   Section        0  fclose.o(.text)
    .text                                    0x00000e74   Section        0  exit.o(.text)
    .text                                    0x00000e86   Section        0  defsig_rtred_outer.o(.text)
    .text                                    0x00000e94   Section       78  rt_memclr_w.o(.text)
    .text                                    0x00000ee4   Section        8  rt_heap_descriptor_intlibspace.o(.text)
    .text                                    0x00000eec   Section        0  hguard.o(.text)
    .text                                    0x00000ef0   Section        0  init_alloc.o(.text)
    .text                                    0x00000f7a   Section        0  h1_init.o(.text)
    .text                                    0x00000f88   Section        0  fseek.o(.text)
    .text                                    0x00001080   Section        0  defsig_exit.o(.text)
    .text                                    0x0000108c   Section        0  defsig_rtred_inner.o(.text)
    .text                                    0x000010c0   Section        0  sys_exit.o(.text)
    .text                                    0x000010cc   Section        2  use_no_semi.o(.text)
    .text                                    0x000010ce   Section        0  indicate_semi.o(.text)
    .text                                    0x000010ce   Section        0  maybetermalloc1.o(.text)
    .text                                    0x000010ce   Section        0  h1_extend.o(.text)
    .text                                    0x00001102   Section        0  ftell.o(.text)
    .text                                    0x00001144   Section        0  defsig_general.o(.text)
    .text                                    0x00001176   Section        0  defsig_rtmem_outer.o(.text)
    .text                                    0x00001184   Section        0  sys_wrch.o(.text)
    .text                                    0x00001194   Section        8  rt_errno_addr_intlibspace.o(.text)
    .text                                    0x0000119c   Section        0  defsig_rtmem_inner.o(.text)
    [Anonymous Symbol]                       0x000011ec   Section        0  retarget_io.o(.text.ITM_SendChar)
    [Anonymous Symbol]                       0x0000121c   Section        0  system_armcm4.o(.text.SystemInit)
    [Anonymous Symbol]                       0x0000124c   Section        0  retarget_io.o(.text._sys_close)
    [Anonymous Symbol]                       0x00001260   Section        0  retarget_io.o(.text._sys_flen)
    [Anonymous Symbol]                       0x00001264   Section        0  retarget_io.o(.text._sys_istty)
    [Anonymous Symbol]                       0x00001274   Section        0  retarget_io.o(.text._sys_open)
    [Anonymous Symbol]                       0x000012d8   Section        0  retarget_io.o(.text._sys_seek)
    [Anonymous Symbol]                       0x000012e0   Section        0  retarget_io.o(.text._sys_write)
    [Anonymous Symbol]                       0x00001310   Section        0  utilities.o(.text.bitClear)
    [Anonymous Symbol]                       0x00001320   Section        0  utilities.o(.text.bitSet)
    [Anonymous Symbol]                       0x00001330   Section        0  utilities.o(.text.bitToggle)
    [Anonymous Symbol]                       0x00001340   Section        0  main.o(.text.main)
    [Anonymous Symbol]                       0x00001388   Section        0  main.o(.text.mainBitClear)
    [Anonymous Symbol]                       0x00001474   Section        0  main.o(.text.mainBitTest)
    [Anonymous Symbol]                       0x0000155c   Section        0  main.o(.text.mainBitToggle)
    [Anonymous Symbol]                       0x0000164c   Section        0  main.o(.text.mainStringLength)
    [Anonymous Symbol]                       0x000016b4   Section        0  main.o(.text.printBits)
    stdout_putchar                           0x000016d5   Thumb Code     8  retarget_io.o(.text.stdout_putchar)
    [Anonymous Symbol]                       0x000016d4   Section        0  retarget_io.o(.text.stdout_putchar)
    [Anonymous Symbol]                       0x000016dc   Section        0  utilities.o(.text.stringLength)
    i.fputc                                  0x000016e6   Section        0  fputc.o(i.fputc)
    $v0                                      0x00001700   Number         0  fpinit.o(x$fpl$fpinit)
    x$fpl$fpinit                             0x00001700   Section       26  fpinit.o(x$fpl$fpinit)
    .L.str.16                                0x00001731   Data          16  main.o(.rodata.str1.1)
    [Anonymous Symbol]                       0x00001731   Section        0  main.o(.rodata.str1.1)
    .Lstr.28                                 0x00001741   Data          40  main.o(.rodata.str1.1)
    .Lstr.26                                 0x00001769   Data          39  main.o(.rodata.str1.1)
    .Lstr                                    0x00001790   Data          37  main.o(.rodata.str1.1)
    .L.str.3                                 0x000017b4   Data           1  main.o(.rodata.str1.1)
    .data                                    0x20000000   Section        4  stdio_streams.o(.data)
    .data                                    0x20000004   Section        4  stdio_streams.o(.data)
    .data                                    0x20000008   Section        4  stdio_streams.o(.data)
    .bss                                     0x20000010   Section       84  stdio_streams.o(.bss)
    .bss                                     0x20000064   Section       84  stdio_streams.o(.bss)
    .bss                                     0x200000b8   Section       84  stdio_streams.o(.bss)
    .bss                                     0x2000010c   Section       96  libspace.o(.bss)
    HEAP                                     0x20000170   Section     3072  startup_armcm4.o(HEAP)
    STACK                                    0x20000d70   Section     1024  startup_armcm4.o(STACK)

    Global Symbols

    Symbol Name                              Value     Ov Type        Size  Object(Section)

    BuildAttributes$$THM_ISAv4$E$P$D$K$B$S$7EM$VFPi3$EXTD16$VFPS$VFMA$PE$A:L22UL41UL21$X:L11$S22US41US21$IEEE1$IW$~IW$USESV6$~STKCKD$USESV7$~SHL$OTIME$ROPI$EBA8$UX$STANDARDLIB$REQ8$PRES8$EABIv2 0x00000000   Number         0  anon$$obj.o ABSOLUTE
    __Vectors                                0x00000000   Data           4  startup_armcm4.o(RESET)
    __ARM_exceptions_init                     - Undefined Weak Reference
    __alloca_initialize                       - Undefined Weak Reference
    __arm_preinit_                            - Undefined Weak Reference
    __cpp_initialize__aeabi_                  - Undefined Weak Reference
    __cxa_finalize                            - Undefined Weak Reference
    __rt_locale                               - Undefined Weak Reference
    __sigvec_lookup                           - Undefined Weak Reference
    __user_heap_extent                        - Undefined Weak Reference
    _atexit_init                              - Undefined Weak Reference
    _call_atexit_fns                          - Undefined Weak Reference
    _clock_init                               - Undefined Weak Reference
    _fp_trap_init                             - Undefined Weak Reference
    _fp_trap_shutdown                         - Undefined Weak Reference
    _get_lc_collate                           - Undefined Weak Reference
    _get_lc_ctype                             - Undefined Weak Reference
    _get_lc_monetary                          - Undefined Weak Reference
    _get_lc_numeric                           - Undefined Weak Reference
    _get_lc_time                              - Undefined Weak Reference
    _getenv_init                              - Undefined Weak Reference
    _handle_redirection                       - Undefined Weak Reference
    _mutex_acquire                            - Undefined Weak Reference
    _mutex_free                               - Undefined Weak Reference
    _mutex_release                            - Undefined Weak Reference
    _printf_mbtowc                            - Undefined Weak Reference
    _printf_post_padding                      - Undefined Weak Reference
    _printf_pre_padding                       - Undefined Weak Reference
    _printf_truncate_signed                   - Undefined Weak Reference
    _printf_truncate_unsigned                 - Undefined Weak Reference
    _rand_init                                - Undefined Weak Reference
    _signal_finish                            - Undefined Weak Reference
    _signal_init                              - Undefined Weak Reference
    __Vectors_End                            0x000003c0   Data           0  startup_armcm4.o(RESET)
    __Vectors_Size                           0x000003c0   Number         0  startup_armcm4.o ABSOLUTE
    __main                                   0x000003c1   Thumb Code     8  __main.o(!!!main)
    __scatterload                            0x000003c9   Thumb Code     0  __scatter.o(!!!scatter)
    __scatterload_rt2                        0x000003c9   Thumb Code    44  __scatter.o(!!!scatter)
    __scatterload_rt2_thumb_only             0x000003c9   Thumb Code     0  __scatter.o(!!!scatter)
    __scatterload_null                       0x000003d7   Thumb Code     0  __scatter.o(!!!scatter)
    __scatterload_copy                       0x000003fd   Thumb Code    26  __scatter_copy.o(!!handler_copy)
    __scatterload_zeroinit                   0x00000419   Thumb Code    28  __scatter_zi.o(!!handler_zi)
    _printf_d                                0x00000435   Thumb Code     0  _printf_d.o(.ARM.Collect$$_printf_percent$$00000009)
    _printf_percent                          0x00000435   Thumb Code     0  _printf_percent.o(.ARM.Collect$$_printf_percent$$00000000)
    _printf_s                                0x0000043b   Thumb Code     0  _printf_s.o(.ARM.Collect$$_printf_percent$$00000014)
    _printf_percent_end                      0x00000441   Thumb Code     0  _printf_percent_end.o(.ARM.Collect$$_printf_percent$$00000017)
    __rt_lib_init                            0x00000445   Thumb Code     0  libinit.o(.ARM.Collect$$libinit$$00000000)
    __rt_lib_init_fp_1                       0x00000447   Thumb Code     0  libinit2.o(.ARM.Collect$$libinit$$00000001)
    __rt_lib_init_heap_2                     0x0000044b   Thumb Code     0  libinit3.o(.ARM.Collect$$libinit$$00000006)
    __rt_lib_init_preinit_1                  0x0000044b   Thumb Code     0  libinit2.o(.ARM.Collect$$libinit$$00000004)
    __rt_lib_init_atexit_1                   0x00000453   Thumb Code     0  libinit2.o(.ARM.Collect$$libinit$$0000001B)
    __rt_lib_init_clock_1                    0x00000453   Thumb Code     0  libinit2.o(.ARM.Collect$$libinit$$00000021)
    __rt_lib_init_fp_trap_1                  0x00000453   Thumb Code     0  libinit2.o(.ARM.Collect$$libinit$$0000001F)
    __rt_lib_init_getenv_1                   0x00000453   Thumb Code     0  libinit2.o(.ARM.Collect$$libinit$$00000023)
    __rt_lib_init_heap_1                     0x00000453   Thumb Code     0  libinit2.o(.ARM.Collect$$libinit$$0000000A)
    __rt_lib_init_lc_collate_1               0x00000453   Thumb Code     0  libinit2.o(.ARM.Collect$$libinit$$00000011)
    __rt_lib_init_lc_ctype_1                 0x00000453   Thumb Code     0  libinit2.o(.ARM.Collect$$libinit$$00000013)
    __rt_lib_init_lc_monetary_1              0x00000453   Thumb Code     0  libinit2.o(.ARM.Collect$$libinit$$00000015)
    __rt_lib_init_lc_numeric_1               0x00000453   Thumb Code     0  libinit2.o(.ARM.Collect$$libinit$$00000017)
    __rt_lib_init_lc_time_1                  0x00000453   Thumb Code     0  libinit2.o(.ARM.Collect$$libinit$$00000019)
    __rt_lib_init_rand_1                     0x00000453   Thumb Code     0  libinit2.o(.ARM.Collect$$libinit$$0000000E)
    __rt_lib_init_signal_1                   0x00000453   Thumb Code     0  libinit2.o(.ARM.Collect$$libinit$$0000001D)
    __rt_lib_init_stdio_2                    0x00000453   Thumb Code     0  libinit2.o(.ARM.Collect$$libinit$$00000024)
    __rt_lib_init_user_alloc_1               0x00000453   Thumb Code     0  libinit2.o(.ARM.Collect$$libinit$$0000000C)
    __rt_lib_init_alloca_1                   0x00000457   Thumb Code     0  libinit2.o(.ARM.Collect$$libinit$$0000002E)
    __rt_lib_init_argv_1                     0x00000457   Thumb Code     0  libinit2.o(.ARM.Collect$$libinit$$0000002C)
    __rt_lib_init_cpp_1                      0x00000457   Thumb Code     0  libinit2.o(.ARM.Collect$$libinit$$00000032)
    __rt_lib_init_exceptions_1               0x00000457   Thumb Code     0  libinit2.o(.ARM.Collect$$libinit$$00000030)
    __rt_lib_init_return                     0x00000457   Thumb Code     0  libinit2.o(.ARM.Collect$$libinit$$00000033)
    __rt_lib_init_stdio_1                    0x00000457   Thumb Code     0  libinit2.o(.ARM.Collect$$libinit$$00000025)
    __rt_lib_shutdown                        0x00000461   Thumb Code     0  libshutdown.o(.ARM.Collect$$libshutdown$$00000000)
    __rt_lib_shutdown_cpp_1                  0x00000463   Thumb Code     0  libshutdown2.o(.ARM.Collect$$libshutdown$$00000002)
    __rt_lib_shutdown_stdio_2                0x00000463   Thumb Code     0  libshutdown2.o(.ARM.Collect$$libshutdown$$00000003)
    __rt_lib_shutdown_fp_trap_1              0x00000467   Thumb Code     0  libshutdown2.o(.ARM.Collect$$libshutdown$$00000007)
    __rt_lib_shutdown_heap_1                 0x00000467   Thumb Code     0  libshutdown2.o(.ARM.Collect$$libshutdown$$0000000F)
    __rt_lib_shutdown_return                 0x00000467   Thumb Code     0  libshutdown2.o(.ARM.Collect$$libshutdown$$00000010)
    __rt_lib_shutdown_signal_1               0x00000467   Thumb Code     0  libshutdown2.o(.ARM.Collect$$libshutdown$$0000000A)
    __rt_lib_shutdown_stdio_1                0x00000467   Thumb Code     0  libshutdown2.o(.ARM.Collect$$libshutdown$$00000004)
    __rt_lib_shutdown_user_alloc_1           0x00000467   Thumb Code     0  libshutdown2.o(.ARM.Collect$$libshutdown$$0000000C)
    __rt_entry                               0x00000469   Thumb Code     0  __rtentry.o(.ARM.Collect$$rtentry$$00000000)
    __rt_entry_presh_1                       0x00000469   Thumb Code     0  __rtentry2.o(.ARM.Collect$$rtentry$$00000002)
    __rt_entry_sh                            0x00000469   Thumb Code     0  __rtentry5.o(.ARM.Collect$$rtentry$$00000005)
    __rt_entry_li                            0x0000046d   Thumb Code     0  __rtentry2.o(.ARM.Collect$$rtentry$$0000000A)
    __rt_entry_postsh_1                      0x0000046d   Thumb Code     0  __rtentry2.o(.ARM.Collect$$rtentry$$00000009)
    __rt_entry_main                          0x00000471   Thumb Code     0  __rtentry2.o(.ARM.Collect$$rtentry$$0000000D)
    __rt_entry_postli_1                      0x00000471   Thumb Code     0  __rtentry2.o(.ARM.Collect$$rtentry$$0000000C)
    __rt_exit                                0x0000047d   Thumb Code     0  rtexit.o(.ARM.Collect$$rtexit$$00000000)
    __rt_exit_ls                             0x0000047f   Thumb Code     0  rtexit2.o(.ARM.Collect$$rtexit$$00000003)
    __rt_exit_prels_1                        0x0000047f   Thumb Code     0  rtexit2.o(.ARM.Collect$$rtexit$$00000002)
    __rt_exit_exit                           0x00000483   Thumb Code     0  rtexit2.o(.ARM.Collect$$rtexit$$00000004)
    Reset_Handler                            0x00000489   Thumb Code     8  startup_armcm4.o(.text)
    HardFault_Handler                        0x00000491   Thumb Code     2  startup_armcm4.o(.text)
    NMI_Handler                              0x00000493   Thumb Code     2  startup_armcm4.o(.text)
    MemManage_Handler                        0x00000495   Thumb Code     2  startup_armcm4.o(.text)
    BusFault_Handler                         0x00000497   Thumb Code     2  startup_armcm4.o(.text)
    UsageFault_Handler                       0x00000499   Thumb Code     2  startup_armcm4.o(.text)
    SVC_Handler                              0x0000049b   Thumb Code     2  startup_armcm4.o(.text)
    DebugMon_Handler                         0x0000049d   Thumb Code     2  startup_armcm4.o(.text)
    PendSV_Handler                           0x0000049f   Thumb Code     2  startup_armcm4.o(.text)
    SysTick_Handler                          0x000004a1   Thumb Code     2  startup_armcm4.o(.text)
    Interrupt0_Handler                       0x000004a3   Thumb Code     2  startup_armcm4.o(.text)
    Interrupt1_Handler                       0x000004a5   Thumb Code     2  startup_armcm4.o(.text)
    Interrupt2_Handler                       0x000004a7   Thumb Code     2  startup_armcm4.o(.text)
    Interrupt3_Handler                       0x000004a9   Thumb Code     2  startup_armcm4.o(.text)
    Interrupt4_Handler                       0x000004ab   Thumb Code     2  startup_armcm4.o(.text)
    Interrupt5_Handler                       0x000004ad   Thumb Code     2  startup_armcm4.o(.text)
    Interrupt6_Handler                       0x000004af   Thumb Code     2  startup_armcm4.o(.text)
    Interrupt7_Handler                       0x000004b1   Thumb Code     2  startup_armcm4.o(.text)
    Interrupt8_Handler                       0x000004b3   Thumb Code     2  startup_armcm4.o(.text)
    Interrupt9_Handler                       0x000004b5   Thumb Code     2  startup_armcm4.o(.text)
    __2printf                                0x000004c1   Thumb Code    20  noretval__2printf.o(.text)
    __printf                                 0x000004d9   Thumb Code   104  __printf.o(.text)
    _printf_str                              0x00000541   Thumb Code    82  _printf_str.o(.text)
    _printf_int_dec                          0x00000595   Thumb Code   104  _printf_dec.o(.text)
    putchar                                  0x0000060d   Thumb Code     6  putchar.o(.text)
    puts                                     0x00000619   Thumb Code    40  puts.o(.text)
    strlen                                   0x00000645   Thumb Code    62  strlen.o(.text)
    strcmp                                   0x00000689   Thumb Code   124  strcmpv7em.o(.text)
    __use_two_region_memory                  0x00000705   Thumb Code     2  heapauxi.o(.text)
    __rt_heap_escrow                         0x00000707   Thumb Code     2  heapauxi.o(.text)
    __rt_heap_expand                         0x00000709   Thumb Code     2  heapauxi.o(.text)
    _printf_int_common                       0x0000070b   Thumb Code   178  _printf_intcommon.o(.text)
    _printf_cs_common                        0x000007bd   Thumb Code    20  _printf_char.o(.text)
    _printf_char                             0x000007d1   Thumb Code    16  _printf_char.o(.text)
    _printf_string                           0x000007e1   Thumb Code     8  _printf_char.o(.text)
    _printf_char_file                        0x000007e9   Thumb Code    32  _printf_char_file.o(.text)
    _printf_char_common                      0x00000817   Thumb Code    32  _printf_char_common.o(.text)
    ferror                                   0x0000083d   Thumb Code     8  ferror.o(.text)
    __flsbuf                                 0x00000845   Thumb Code   470  flsbuf.o(.text)
    __flsbuf_byte                            0x00000845   Thumb Code     0  flsbuf.o(.text)
    __flsbuf_wide                            0x00000845   Thumb Code     0  flsbuf.o(.text)
    _initio                                  0x00000a1d   Thumb Code   210  initio.o(.text)
    _terminateio                             0x00000aef   Thumb Code    56  initio.o(.text)
    malloc                                   0x00000b55   Thumb Code    94  h1_alloc.o(.text)
    free                                     0x00000bb3   Thumb Code    78  h1_free.o(.text)
    setvbuf                                  0x00000c01   Thumb Code    70  setvbuf.o(.text)
    _seterr                                  0x00000c49   Thumb Code    20  stdio.o(.text)
    _writebuf                                0x00000c5d   Thumb Code    84  stdio.o(.text)
    _fflush                                  0x00000cb1   Thumb Code    70  stdio.o(.text)
    _deferredlazyseek                        0x00000cf7   Thumb Code    60  stdio.o(.text)
    freopen                                  0x00000d39   Thumb Code   160  fopen.o(.text)
    fopen                                    0x00000dd9   Thumb Code    74  fopen.o(.text)
    _fclose_internal                         0x00000e29   Thumb Code    76  fclose.o(.text)
    fclose                                   0x00000e29   Thumb Code     0  fclose.o(.text)
    exit                                     0x00000e75   Thumb Code    18  exit.o(.text)
    __rt_SIGRTRED                            0x00000e87   Thumb Code    14  defsig_rtred_outer.o(.text)
    __aeabi_memclr4                          0x00000e95   Thumb Code     0  rt_memclr_w.o(.text)
    __aeabi_memclr8                          0x00000e95   Thumb Code     0  rt_memclr_w.o(.text)
    __rt_memclr_w                            0x00000e95   Thumb Code     0  rt_memclr_w.o(.text)
    _memset_w                                0x00000e99   Thumb Code    74  rt_memclr_w.o(.text)
    __rt_heap_descriptor                     0x00000ee5   Thumb Code     8  rt_heap_descriptor_intlibspace.o(.text)
    __use_no_heap                            0x00000eed   Thumb Code     2  hguard.o(.text)
    __heap$guard                             0x00000eef   Thumb Code     2  hguard.o(.text)
    _terminate_user_alloc                    0x00000ef1   Thumb Code     2  init_alloc.o(.text)
    _init_user_alloc                         0x00000ef3   Thumb Code     2  init_alloc.o(.text)
    __Heap_Full                              0x00000ef5   Thumb Code    34  init_alloc.o(.text)
    __Heap_Broken                            0x00000f17   Thumb Code     6  init_alloc.o(.text)
    _init_alloc                              0x00000f1d   Thumb Code    94  init_alloc.o(.text)
    __Heap_Initialize                        0x00000f7b   Thumb Code    10  h1_init.o(.text)
    __Heap_DescSize                          0x00000f85   Thumb Code     4  h1_init.o(.text)
    _fseek                                   0x00000f89   Thumb Code   242  fseek.o(.text)
    fseek                                    0x00000f89   Thumb Code     0  fseek.o(.text)
    __sig_exit                               0x00001081   Thumb Code    10  defsig_exit.o(.text)
    __rt_SIGRTRED_inner                      0x0000108d   Thumb Code    14  defsig_rtred_inner.o(.text)
    _sys_exit                                0x000010c1   Thumb Code     8  sys_exit.o(.text)
    __I$use$semihosting                      0x000010cd   Thumb Code     0  use_no_semi.o(.text)
    __use_no_semihosting_swi                 0x000010cd   Thumb Code     2  use_no_semi.o(.text)
    __Heap_ProvideMemory                     0x000010cf   Thumb Code    52  h1_extend.o(.text)
    __semihosting_library_function           0x000010cf   Thumb Code     0  indicate_semi.o(.text)
    _maybe_terminate_alloc                   0x000010cf   Thumb Code     0  maybetermalloc1.o(.text)
    _ftell_internal                          0x00001103   Thumb Code    66  ftell.o(.text)
    ftell                                    0x00001103   Thumb Code     0  ftell.o(.text)
    __default_signal_display                 0x00001145   Thumb Code    50  defsig_general.o(.text)
    __rt_SIGRTMEM                            0x00001177   Thumb Code    14  defsig_rtmem_outer.o(.text)
    _ttywrch                                 0x00001185   Thumb Code    14  sys_wrch.o(.text)
    __aeabi_errno_addr                       0x00001195   Thumb Code     8  rt_errno_addr_intlibspace.o(.text)
    __errno$intlibspace                      0x00001195   Thumb Code     0  rt_errno_addr_intlibspace.o(.text)
    __rt_errno_addr$intlibspace              0x00001195   Thumb Code     0  rt_errno_addr_intlibspace.o(.text)
    __rt_SIGRTMEM_inner                      0x0000119d   Thumb Code    22  defsig_rtmem_inner.o(.text)
    ITM_SendChar                             0x000011ed   Thumb Code    46  retarget_io.o(.text.ITM_SendChar)
    SystemInit                               0x0000121d   Thumb Code    48  system_armcm4.o(.text.SystemInit)
    _sys_close                               0x0000124d   Thumb Code    18  retarget_io.o(.text._sys_close)
    _sys_flen                                0x00001261   Thumb Code     4  retarget_io.o(.text._sys_flen)
    _sys_istty                               0x00001265   Thumb Code    16  retarget_io.o(.text._sys_istty)
    _sys_open                                0x00001275   Thumb Code    76  retarget_io.o(.text._sys_open)
    _sys_seek                                0x000012d9   Thumb Code     6  retarget_io.o(.text._sys_seek)
    _sys_write                               0x000012e1   Thumb Code    46  retarget_io.o(.text._sys_write)
    bitClear                                 0x00001311   Thumb Code    16  utilities.o(.text.bitClear)
    bitSet                                   0x00001321   Thumb Code    14  utilities.o(.text.bitSet)
    bitToggle                                0x00001331   Thumb Code    14  utilities.o(.text.bitToggle)
    main                                     0x00001341   Thumb Code    48  main.o(.text.main)
    mainBitClear                             0x00001389   Thumb Code   108  main.o(.text.mainBitClear)
    mainBitTest                              0x00001475   Thumb Code    92  main.o(.text.mainBitTest)
    mainBitToggle                            0x0000155d   Thumb Code   108  main.o(.text.mainBitToggle)
    mainStringLength                         0x0000164d   Thumb Code    28  main.o(.text.mainStringLength)
    printBits                                0x000016b5   Thumb Code    28  main.o(.text.printBits)
    stringLength                             0x000016dd   Thumb Code    10  utilities.o(.text.stringLength)
    fputc                                    0x000016e7   Thumb Code    26  fputc.o(i.fputc)
    _fp_init                                 0x00001701   Thumb Code    26  fpinit.o(x$fpl$fpinit)
    __fplib_config_fpu_vfp                   0x00001719   Thumb Code     0  fpinit.o(x$fpl$fpinit)
    __fplib_config_pureend_doubles           0x00001719   Thumb Code     0  fpinit.o(x$fpl$fpinit)
    __stderr_name                            0x0000171a   Data           8  retarget_io.o(.rodata.__stderr_name)
    __stdin_name                             0x00001722   Data           7  retarget_io.o(.rodata.__stdin_name)
    __stdout_name                            0x00001729   Data           8  retarget_io.o(.rodata.__stdout_name)
    Region$$Table$$Base                      0x000017b8   Number         0  anon$$obj.o(Region$$Table)
    Region$$Table$$Limit                     0x000017d8   Number         0  anon$$obj.o(Region$$Table)
    __aeabi_stdin                            0x20000000   Data           4  stdio_streams.o(.data)
    __aeabi_stdout                           0x20000004   Data           4  stdio_streams.o(.data)
    __aeabi_stderr                           0x20000008   Data           4  stdio_streams.o(.data)
    SystemCoreClock                          0x2000000c   Data           4  system_armcm4.o(.data.SystemCoreClock)
    __stdin                                  0x20000010   Data          84  stdio_streams.o(.bss)
    __stdout                                 0x20000064   Data          84  stdio_streams.o(.bss)
    __stderr                                 0x200000b8   Data          84  stdio_streams.o(.bss)
    __libspace_start                         0x2000010c   Data          96  libspace.o(.bss)
    __temporary_stack_top$libspace           0x2000016c   Data           0  libspace.o(.bss)
    __heap_base                              0x20000170   Data           0  startup_armcm4.o(HEAP)
    __heap_limit                             0x20000d70   Data           0  startup_armcm4.o(HEAP)
    __stack_limit                            0x20000d70   Data           0  startup_armcm4.o(STACK)
    Image$$ZI$$Limit                         0x20001170   Number         0  anon$$obj.o ABSOLUTE
    __initial_sp                             0x20001170   Data           0  startup_armcm4.o(STACK)



==============================================================================

Memory Map of the image

  Image Entry point : 0x00000489

  Load Region LR_1 (Base: 0x00000000, Size: 0x000017e8, Max: 0xffffffff, ABSOLUTE)

    Execution Region ER_RO (Exec base: 0x00000000, Load base: 0x00000000, Size: 0x000017d8, Max: 0xffffffff, ABSOLUTE)

    Exec Addr    Load Addr    Size         Type   Attr      Idx    E Section Name        Object

    0x00000000   0x00000000   0x000003c0   Data   RO           73    RESET               startup_armcm4.o
    0x000003c0   0x000003c0   0x00000008   Code   RO          137  * !!!main             c_w.l(__main.o)
    0x000003c8   0x000003c8   0x00000034   Code   RO          502    !!!scatter          c_w.l(__scatter.o)
    0x000003fc   0x000003fc   0x0000001a   Code   RO          504    !!handler_copy      c_w.l(__scatter_copy.o)
    0x00000416   0x00000416   0x00000002   PAD
    0x00000418   0x00000418   0x0000001c   Code   RO          506    !!handler_zi        c_w.l(__scatter_zi.o)
    0x00000434   0x00000434   0x00000000   Code   RO          126    .ARM.Collect$$_printf_percent$$00000000  c_w.l(_printf_percent.o)
    0x00000434   0x00000434   0x00000006   Code   RO          125    .ARM.Collect$$_printf_percent$$00000009  c_w.l(_printf_d.o)
    0x0000043a   0x0000043a   0x00000006   Code   RO          124    .ARM.Collect$$_printf_percent$$00000014  c_w.l(_printf_s.o)
    0x00000440   0x00000440   0x00000004   Code   RO          146    .ARM.Collect$$_printf_percent$$00000017  c_w.l(_printf_percent_end.o)
    0x00000444   0x00000444   0x00000002   Code   RO          297    .ARM.Collect$$libinit$$00000000  c_w.l(libinit.o)
    0x00000446   0x00000446   0x00000004   Code   RO          298    .ARM.Collect$$libinit$$00000001  c_w.l(libinit2.o)
    0x0000044a   0x0000044a   0x00000000   Code   RO          301    .ARM.Collect$$libinit$$00000004  c_w.l(libinit2.o)
    0x0000044a   0x0000044a   0x00000008   Code   RO          415    .ARM.Collect$$libinit$$00000006  c_w.l(libinit3.o)
    0x00000452   0x00000452   0x00000000   Code   RO          304    .ARM.Collect$$libinit$$0000000A  c_w.l(libinit2.o)
    0x00000452   0x00000452   0x00000000   Code   RO          306    .ARM.Collect$$libinit$$0000000C  c_w.l(libinit2.o)
    0x00000452   0x00000452   0x00000000   Code   RO          308    .ARM.Collect$$libinit$$0000000E  c_w.l(libinit2.o)
    0x00000452   0x00000452   0x00000000   Code   RO          311    .ARM.Collect$$libinit$$00000011  c_w.l(libinit2.o)
    0x00000452   0x00000452   0x00000000   Code   RO          313    .ARM.Collect$$libinit$$00000013  c_w.l(libinit2.o)
    0x00000452   0x00000452   0x00000000   Code   RO          315    .ARM.Collect$$libinit$$00000015  c_w.l(libinit2.o)
    0x00000452   0x00000452   0x00000000   Code   RO          317    .ARM.Collect$$libinit$$00000017  c_w.l(libinit2.o)
    0x00000452   0x00000452   0x00000000   Code   RO          319    .ARM.Collect$$libinit$$00000019  c_w.l(libinit2.o)
    0x00000452   0x00000452   0x00000000   Code   RO          321    .ARM.Collect$$libinit$$0000001B  c_w.l(libinit2.o)
    0x00000452   0x00000452   0x00000000   Code   RO          323    .ARM.Collect$$libinit$$0000001D  c_w.l(libinit2.o)
    0x00000452   0x00000452   0x00000000   Code   RO          325    .ARM.Collect$$libinit$$0000001F  c_w.l(libinit2.o)
    0x00000452   0x00000452   0x00000000   Code   RO          327    .ARM.Collect$$libinit$$00000021  c_w.l(libinit2.o)
    0x00000452   0x00000452   0x00000000   Code   RO          329    .ARM.Collect$$libinit$$00000023  c_w.l(libinit2.o)
    0x00000452   0x00000452   0x00000004   Code   RO          330    .ARM.Collect$$libinit$$00000024  c_w.l(libinit2.o)
    0x00000456   0x00000456   0x00000000   Code   RO          331    .ARM.Collect$$libinit$$00000025  c_w.l(libinit2.o)
    0x00000456   0x00000456   0x00000000   Code   RO          335    .ARM.Collect$$libinit$$0000002C  c_w.l(libinit2.o)
    0x00000456   0x00000456   0x00000000   Code   RO          337    .ARM.Collect$$libinit$$0000002E  c_w.l(libinit2.o)
    0x00000456   0x00000456   0x00000000   Code   RO          339    .ARM.Collect$$libinit$$00000030  c_w.l(libinit2.o)
    0x00000456   0x00000456   0x00000000   Code   RO          341    .ARM.Collect$$libinit$$00000032  c_w.l(libinit2.o)
    0x00000456   0x00000456   0x00000002   Code   RO          342    .ARM.Collect$$libinit$$00000033  c_w.l(libinit2.o)
    0x00000458   0x00000458   0x00000008   Code   RO          416    .ARM.Collect$$libinit$$00002717  c_w.l(libinit3.o)
    0x00000460   0x00000460   0x00000002   Code   RO          481    .ARM.Collect$$libshutdown$$00000000  c_w.l(libshutdown.o)
    0x00000462   0x00000462   0x00000000   Code   RO          344    .ARM.Collect$$libshutdown$$00000002  c_w.l(libshutdown2.o)
    0x00000462   0x00000462   0x00000004   Code   RO          345    .ARM.Collect$$libshutdown$$00000003  c_w.l(libshutdown2.o)
    0x00000466   0x00000466   0x00000000   Code   RO          346    .ARM.Collect$$libshutdown$$00000004  c_w.l(libshutdown2.o)
    0x00000466   0x00000466   0x00000000   Code   RO          349    .ARM.Collect$$libshutdown$$00000007  c_w.l(libshutdown2.o)
    0x00000466   0x00000466   0x00000000   Code   RO          352    .ARM.Collect$$libshutdown$$0000000A  c_w.l(libshutdown2.o)
    0x00000466   0x00000466   0x00000000   Code   RO          354    .ARM.Collect$$libshutdown$$0000000C  c_w.l(libshutdown2.o)
    0x00000466   0x00000466   0x00000000   Code   RO          357    .ARM.Collect$$libshutdown$$0000000F  c_w.l(libshutdown2.o)
    0x00000466   0x00000466   0x00000002   Code   RO          358    .ARM.Collect$$libshutdown$$00000010  c_w.l(libshutdown2.o)
    0x00000468   0x00000468   0x00000000   Code   RO          139    .ARM.Collect$$rtentry$$00000000  c_w.l(__rtentry.o)
    0x00000468   0x00000468   0x00000000   Code   RO          160    .ARM.Collect$$rtentry$$00000002  c_w.l(__rtentry2.o)
    0x00000468   0x00000468   0x00000004   Code   RO          174    .ARM.Collect$$rtentry$$00000005  c_w.l(__rtentry5.o)
    0x0000046c   0x0000046c   0x00000000   Code   RO          162    .ARM.Collect$$rtentry$$00000009  c_w.l(__rtentry2.o)
    0x0000046c   0x0000046c   0x00000004   Code   RO          163    .ARM.Collect$$rtentry$$0000000A  c_w.l(__rtentry2.o)
    0x00000470   0x00000470   0x00000000   Code   RO          165    .ARM.Collect$$rtentry$$0000000C  c_w.l(__rtentry2.o)
    0x00000470   0x00000470   0x00000008   Code   RO          166    .ARM.Collect$$rtentry$$0000000D  c_w.l(__rtentry2.o)
    0x00000478   0x00000478   0x00000004   Code   RO          175    .ARM.Collect$$rtentry$$00002716  c_w.l(__rtentry5.o)
    0x0000047c   0x0000047c   0x00000002   Code   RO          366    .ARM.Collect$$rtexit$$00000000  c_w.l(rtexit.o)
    0x0000047e   0x0000047e   0x00000000   Code   RO          433    .ARM.Collect$$rtexit$$00000002  c_w.l(rtexit2.o)
    0x0000047e   0x0000047e   0x00000004   Code   RO          434    .ARM.Collect$$rtexit$$00000003  c_w.l(rtexit2.o)
    0x00000482   0x00000482   0x00000006   Code   RO          435    .ARM.Collect$$rtexit$$00000004  c_w.l(rtexit2.o)
    0x00000488   0x00000488   0x00000038   Code   RO           74  * .text               startup_armcm4.o
    0x000004c0   0x000004c0   0x00000018   Code   RO           96    .text               c_w.l(noretval__2printf.o)
    0x000004d8   0x000004d8   0x00000068   Code   RO           98    .text               c_w.l(__printf.o)
    0x00000540   0x00000540   0x00000052   Code   RO          100    .text               c_w.l(_printf_str.o)
    0x00000592   0x00000592   0x00000002   PAD
    0x00000594   0x00000594   0x00000078   Code   RO          102    .text               c_w.l(_printf_dec.o)
    0x0000060c   0x0000060c   0x0000000c   Code   RO          127    .text               c_w.l(putchar.o)
    0x00000618   0x00000618   0x0000002c   Code   RO          129    .text               c_w.l(puts.o)
    0x00000644   0x00000644   0x0000003e   Code   RO          131    .text               c_w.l(strlen.o)
    0x00000682   0x00000682   0x00000006   PAD
    0x00000688   0x00000688   0x0000007c   Code   RO          133    .text               c_w.l(strcmpv7em.o)
    0x00000704   0x00000704   0x00000006   Code   RO          135    .text               c_w.l(heapauxi.o)
    0x0000070a   0x0000070a   0x000000b2   Code   RO          140    .text               c_w.l(_printf_intcommon.o)
    0x000007bc   0x000007bc   0x0000002c   Code   RO          142    .text               c_w.l(_printf_char.o)
    0x000007e8   0x000007e8   0x00000024   Code   RO          144    .text               c_w.l(_printf_char_file.o)
    0x0000080c   0x0000080c   0x00000030   Code   RO          179    .text               c_w.l(_printf_char_common.o)
    0x0000083c   0x0000083c   0x00000008   Code   RO          181    .text               c_w.l(ferror.o)
    0x00000844   0x00000844   0x000001d6   Code   RO          183    .text               c_w.l(flsbuf.o)
    0x00000a1a   0x00000a1a   0x00000002   PAD
    0x00000a1c   0x00000a1c   0x00000138   Code   RO          185    .text               c_w.l(initio.o)
    0x00000b54   0x00000b54   0x0000005e   Code   RO          201    .text               c_w.l(h1_alloc.o)
    0x00000bb2   0x00000bb2   0x0000004e   Code   RO          203    .text               c_w.l(h1_free.o)
    0x00000c00   0x00000c00   0x00000046   Code   RO          263    .text               c_w.l(setvbuf.o)
    0x00000c46   0x00000c46   0x00000002   PAD
    0x00000c48   0x00000c48   0x000000f0   Code   RO          265    .text               c_w.l(stdio.o)
    0x00000d38   0x00000d38   0x000000f0   Code   RO          270    .text               c_w.l(fopen.o)
    0x00000e28   0x00000e28   0x0000004c   Code   RO          272    .text               c_w.l(fclose.o)
    0x00000e74   0x00000e74   0x00000012   Code   RO          282    .text               c_w.l(exit.o)
    0x00000e86   0x00000e86   0x0000000e   Code   RO          284    .text               c_w.l(defsig_rtred_outer.o)
    0x00000e94   0x00000e94   0x0000004e   Code   RO          290    .text               c_w.l(rt_memclr_w.o)
    0x00000ee2   0x00000ee2   0x00000002   PAD
    0x00000ee4   0x00000ee4   0x00000008   Code   RO          373    .text               c_w.l(rt_heap_descriptor_intlibspace.o)
    0x00000eec   0x00000eec   0x00000004   Code   RO          375    .text               c_w.l(hguard.o)
    0x00000ef0   0x00000ef0   0x0000008a   Code   RO          377    .text               c_w.l(init_alloc.o)
    0x00000f7a   0x00000f7a   0x0000000e   Code   RO          381    .text               c_w.l(h1_init.o)
    0x00000f88   0x00000f88   0x000000f8   Code   RO          397    .text               c_w.l(fseek.o)
    0x00001080   0x00001080   0x0000000a   Code   RO          403    .text               c_w.l(defsig_exit.o)
    0x0000108a   0x0000108a   0x00000002   PAD
    0x0000108c   0x0000108c   0x00000034   Code   RO          405    .text               c_w.l(defsig_rtred_inner.o)
    0x000010c0   0x000010c0   0x0000000c   Code   RO          423    .text               c_w.l(sys_exit.o)
    0x000010cc   0x000010cc   0x00000002   Code   RO          429    .text               c_w.l(use_no_semi.o)
    0x000010ce   0x000010ce   0x00000000   Code   RO          431    .text               c_w.l(indicate_semi.o)
    0x000010ce   0x000010ce   0x00000000   Code   RO          441    .text               c_w.l(maybetermalloc1.o)
    0x000010ce   0x000010ce   0x00000034   Code   RO          443    .text               c_w.l(h1_extend.o)
    0x00001102   0x00001102   0x00000042   Code   RO          447    .text               c_w.l(ftell.o)
    0x00001144   0x00001144   0x00000032   Code   RO          451    .text               c_w.l(defsig_general.o)
    0x00001176   0x00001176   0x0000000e   Code   RO          453    .text               c_w.l(defsig_rtmem_outer.o)
    0x00001184   0x00001184   0x0000000e   Code   RO          464    .text               c_w.l(sys_wrch.o)
    0x00001192   0x00001192   0x00000002   PAD
    0x00001194   0x00001194   0x00000008   Code   RO          471    .text               c_w.l(rt_errno_addr_intlibspace.o)
    0x0000119c   0x0000119c   0x00000050   Code   RO          475    .text               c_w.l(defsig_rtmem_inner.o)
    0x000011ec   0x000011ec   0x0000002e   Code   RO           40    .text.ITM_SendChar  retarget_io.o
    0x0000121a   0x0000121a   0x00000002   PAD
    0x0000121c   0x0000121c   0x00000030   Code   RO           83    .text.SystemInit    system_armcm4.o
    0x0000124c   0x0000124c   0x00000012   Code   RO           46    .text._sys_close    retarget_io.o
    0x0000125e   0x0000125e   0x00000002   PAD
    0x00001260   0x00001260   0x00000004   Code   RO           58    .text._sys_flen     retarget_io.o
    0x00001264   0x00001264   0x00000010   Code   RO           54    .text._sys_istty    retarget_io.o
    0x00001274   0x00001274   0x00000064   Code   RO           44    .text._sys_open     retarget_io.o
    0x000012d8   0x000012d8   0x00000006   Code   RO           56    .text._sys_seek     retarget_io.o
    0x000012de   0x000012de   0x00000002   PAD
    0x000012e0   0x000012e0   0x0000002e   Code   RO           48    .text._sys_write    retarget_io.o
    0x0000130e   0x0000130e   0x00000002   PAD
    0x00001310   0x00001310   0x00000010   Code   RO           26    .text.bitClear      utilities.o
    0x00001320   0x00001320   0x0000000e   Code   RO           24    .text.bitSet        utilities.o
    0x0000132e   0x0000132e   0x00000002   PAD
    0x00001330   0x00001330   0x0000000e   Code   RO           28    .text.bitToggle     utilities.o
    0x0000133e   0x0000133e   0x00000002   PAD
    0x00001340   0x00001340   0x00000048   Code   RO            2    .text.main          main.o
    0x00001388   0x00001388   0x000000ec   Code   RO            6    .text.mainBitClear  main.o
    0x00001474   0x00001474   0x000000e8   Code   RO            4    .text.mainBitTest   main.o
    0x0000155c   0x0000155c   0x000000f0   Code   RO            8    .text.mainBitToggle  main.o
    0x0000164c   0x0000164c   0x00000068   Code   RO           10    .text.mainStringLength  main.o
    0x000016b4   0x000016b4   0x00000020   Code   RO           12    .text.printBits     main.o
    0x000016d4   0x000016d4   0x00000008   Code   RO           50    .text.stdout_putchar  retarget_io.o
    0x000016dc   0x000016dc   0x0000000a   Code   RO           30    .text.stringLength  utilities.o
    0x000016e6   0x000016e6   0x0000001a   Code   RO          148    i.fputc             c_w.l(fputc.o)
    0x00001700   0x00001700   0x0000001a   Code   RO          419    x$fpl$fpinit        fz_wm.l(fpinit.o)
    0x0000171a   0x0000171a   0x00000008   Data   RO           63    .rodata.__stderr_name  retarget_io.o
    0x00001722   0x00001722   0x00000007   Data   RO           61    .rodata.__stdin_name  retarget_io.o
    0x00001729   0x00001729   0x00000008   Data   RO           62    .rodata.__stdout_name  retarget_io.o
    0x00001731   0x00001731   0x00000084   Data   RO           14    .rodata.str1.1      main.o
    0x000017b5   0x000017b5   0x00000003   PAD
    0x000017b8   0x000017b8   0x00000020   Data   RO          501    Region$$Table       anon$$obj.o


    Execution Region ER_RW (Exec base: 0x20000000, Load base: 0x000017d8, Size: 0x00000010, Max: 0xffffffff, ABSOLUTE)

    Exec Addr    Load Addr    Size         Type   Attr      Idx    E Section Name        Object

    0x20000000   0x000017d8   0x00000004   Data   RW          154    .data               c_w.l(stdio_streams.o)
    0x20000004   0x000017dc   0x00000004   Data   RW          155    .data               c_w.l(stdio_streams.o)
    0x20000008   0x000017e0   0x00000004   Data   RW          156    .data               c_w.l(stdio_streams.o)
    0x2000000c   0x000017e4   0x00000004   Data   RW           85    .data.SystemCoreClock  system_armcm4.o


    Execution Region ER_ZI (Exec base: 0x20000010, Load base: 0x000017e8, Size: 0x00001160, Max: 0xffffffff, ABSOLUTE)

    Exec Addr    Load Addr    Size         Type   Attr      Idx    E Section Name        Object

    0x20000010        -       0x00000054   Zero   RW          151    .bss                c_w.l(stdio_streams.o)
    0x20000064        -       0x00000054   Zero   RW          152    .bss                c_w.l(stdio_streams.o)
    0x200000b8        -       0x00000054   Zero   RW          153    .bss                c_w.l(stdio_streams.o)
    0x2000010c        -       0x00000060   Zero   RW          360    .bss                c_w.l(libspace.o)
    0x2000016c   0x000017e8   0x00000004   PAD
    0x20000170        -       0x00000c00   Zero   RW           72    HEAP                startup_armcm4.o
    0x20000d70        -       0x00000400   Zero   RW           71    STACK               startup_armcm4.o


==============================================================================

Image component sizes


      Code (inc. data)   RO Data    RW Data    ZI Data      Debug   Object Name

       916        504        132          0          0       1865   main.o
       244         24         23          0          0       3218   retarget_io.o
        56         10        960          0       4096       1280   startup_armcm4.o
        48          0          0          4          0       1435   system_armcm4.o
        54          0          0          0          0       1164   utilities.o

    ----------------------------------------------------------------------
      1330        538       1150          4       4096       8962   Object Totals
         0          0         32          0          0          0   (incl. Generated)
        12          0          3          0          0          0   (incl. Padding)

    ----------------------------------------------------------------------

      Code (inc. data)   RO Data    RW Data    ZI Data      Debug   Library Member Name

         8          0          0          0          0         68   __main.o
       104          0          0          0          0         84   __printf.o
         0          0          0          0          0          0   __rtentry.o
        12          0          0          0          0          0   __rtentry2.o
         8          4          0          0          0          0   __rtentry5.o
        52          8          0          0          0          0   __scatter.o
        26          0          0          0          0          0   __scatter_copy.o
        28          0          0          0          0          0   __scatter_zi.o
        44          0          0          0          0        108   _printf_char.o
        48          6          0          0          0         96   _printf_char_common.o
        36          4          0          0          0         80   _printf_char_file.o
         6          0          0          0          0          0   _printf_d.o
       120         16          0          0          0         92   _printf_dec.o
       178          0          0          0          0         88   _printf_intcommon.o
         0          0          0          0          0          0   _printf_percent.o
         4          0          0          0          0          0   _printf_percent_end.o
         6          0          0          0          0          0   _printf_s.o
        82          0          0          0          0         80   _printf_str.o
        10          0          0          0          0         68   defsig_exit.o
        50          0          0          0          0         88   defsig_general.o
        80         58          0          0          0         76   defsig_rtmem_inner.o
        14          0          0          0          0         80   defsig_rtmem_outer.o
        52         38          0          0          0         76   defsig_rtred_inner.o
        14          0          0          0          0         80   defsig_rtred_outer.o
        18          0          0          0          0         80   exit.o
        76          0          0          0          0         88   fclose.o
         8          0          0          0          0         68   ferror.o
       470          0          0          0          0         88   flsbuf.o
       240          6          0          0          0        128   fopen.o
        26          0          0          0          0         68   fputc.o
       248          6          0          0          0         84   fseek.o
        66          0          0          0          0         76   ftell.o
        94          0          0          0          0         80   h1_alloc.o
        52          0          0          0          0         68   h1_extend.o
        78          0          0          0          0         80   h1_free.o
        14          0          0          0          0         84   h1_init.o
         6          0          0          0          0        152   heapauxi.o
         4          0          0          0          0        136   hguard.o
         0          0          0          0          0          0   indicate_semi.o
       138          0          0          0          0        168   init_alloc.o
       312         46          0          0          0        112   initio.o
         2          0          0          0          0          0   libinit.o
        10          0          0          0          0          0   libinit2.o
        16          8          0          0          0          0   libinit3.o
         2          0          0          0          0          0   libshutdown.o
         6          0          0          0          0          0   libshutdown2.o
         0          0          0          0         96          0   libspace.o
         0          0          0          0          0          0   maybetermalloc1.o
        24          4          0          0          0         84   noretval__2printf.o
        12          6          0          0          0         68   putchar.o
        44          4          0          0          0         84   puts.o
         8          4          0          0          0         68   rt_errno_addr_intlibspace.o
         8          4          0          0          0         68   rt_heap_descriptor_intlibspace.o
        78          0          0          0          0         80   rt_memclr_w.o
         2          0          0          0          0          0   rtexit.o
        10          0          0          0          0          0   rtexit2.o
        70          0          0          0          0         80   setvbuf.o
       240          6          0          0          0        156   stdio.o
         0          0          0         12        252          0   stdio_streams.o
       124          0          0          0          0         88   strcmpv7em.o
        62          0          0          0          0         76   strlen.o
        12          4          0          0          0         68   sys_exit.o
        14          0          0          0          0         76   sys_wrch.o
         2          0          0          0          0         68   use_no_semi.o
        26          0          0          0          0        116   fpinit.o

    ----------------------------------------------------------------------
      3624        232          0         12        352       3904   Library Totals
        20          0          0          0          4          0   (incl. Padding)

    ----------------------------------------------------------------------

      Code (inc. data)   RO Data    RW Data    ZI Data      Debug   Library Name

      3578        232          0         12        348       3788   c_w.l
        26          0          0          0          0        116   fz_wm.l

    ----------------------------------------------------------------------
      3624        232          0         12        352       3904   Library Totals

    ----------------------------------------------------------------------

==============================================================================


      Code (inc. data)   RO Data    RW Data    ZI Data      Debug   

      4954        770       1150         16       4448      10726   Grand Totals
      4954        770       1150         16       4448      10726   ELF Image Totals
      4954        770       1150         16          0          0   ROM Totals

==============================================================================

    Total RO  Size (Code + RO Data)                 6104 (   5.96kB)
    Total RW  Size (RW Data + ZI Data)              4464 (   4.36kB)
    Total ROM Size (Code + RO Data + RW Data)       6120 (   5.98kB)

==============================================================================

